
Allocating common symbols
Common symbol       size              file

global_rules_shadow
                    0x630             obj/kern/libdwarf_frame.o
ismp                0x4               obj/kern/mpconfig.o
lapicaddr           0x8               obj/kern/lapic.o
ts                  0x68              obj/kern/trap.o
end_debug           0x8               obj/kern/init.o
mydebug             0x60              obj/kern/kdebug.o
panicstr            0x8               obj/kern/init.o
boot_cr3            0x8               obj/kern/pmap.o
mpentry_kstack      0x8               obj/kern/init.o
cpus                0x3c0             obj/kern/mpconfig.o
global_std_op       0x200             obj/kern/libdwarf_lineno.o
lapic               0x8               obj/kern/lapic.o
bootcpu             0x8               obj/kern/mpconfig.o
_cie                0x78              obj/kern/kdebug.o
global_rules        0x630             obj/kern/libdwarf_frame.o
boot_pml4e          0x8               obj/kern/pmap.o
ncpu                0x4               obj/kern/mpconfig.o
_fde                0x80              obj/kern/kdebug.o
npages              0x8               obj/kern/pmap.o
pages               0x8               obj/kern/pmap.o
percpu_kstacks      0x80000           obj/kern/mpconfig.o

Discarded input sections

 .note.GNU-stack
                0x0000000000000000        0x0 obj/kern/init.o
 .note.GNU-stack
                0x0000000000000000        0x0 obj/kern/console.o
 .note.GNU-stack
                0x0000000000000000        0x0 obj/kern/monitor.o
 .note.GNU-stack
                0x0000000000000000        0x0 obj/kern/pmap.o
 .note.GNU-stack
                0x0000000000000000        0x0 obj/kern/env.o
 .note.GNU-stack
                0x0000000000000000        0x0 obj/kern/kclock.o
 .note.GNU-stack
                0x0000000000000000        0x0 obj/kern/picirq.o
 .note.GNU-stack
                0x0000000000000000        0x0 obj/kern/printf.o
 .note.GNU-stack
                0x0000000000000000        0x0 obj/kern/trap.o
 .note.GNU-stack
                0x0000000000000000        0x0 obj/kern/sched.o
 .note.GNU-stack
                0x0000000000000000        0x0 obj/kern/syscall.o
 .note.GNU-stack
                0x0000000000000000        0x0 obj/kern/kdebug.o
 .note.GNU-stack
                0x0000000000000000        0x0 obj/kern/printfmt.o
 .note.GNU-stack
                0x0000000000000000        0x0 obj/kern/readline.o
 .note.GNU-stack
                0x0000000000000000        0x0 obj/kern/string.o
 .note.GNU-stack
                0x0000000000000000        0x0 obj/kern/libdwarf_rw.o
 .note.GNU-stack
                0x0000000000000000        0x0 obj/kern/libdwarf_frame.o
 .note.GNU-stack
                0x0000000000000000        0x0 obj/kern/libdwarf_lineno.o
 .note.GNU-stack
                0x0000000000000000        0x0 obj/kern/elf_rw.o
 .note.GNU-stack
                0x0000000000000000        0x0 obj/kern/mpconfig.o
 .note.GNU-stack
                0x0000000000000000        0x0 obj/kern/lapic.o
 .note.GNU-stack
                0x0000000000000000        0x0 obj/kern/spinlock.o

Memory Configuration

Name             Origin             Length             Attributes
*default*        0x0000000000000000 0xffffffffffffffff

Linker script and memory map

                0x0000000000100000                . = 0x100000

.bootstrap      0x0000000000100000     0x7004
 obj/kern/bootstrap.o(.text .data .bss)
 .text          0x0000000000100000      0x115 obj/kern/bootstrap.o
                0x0000000000100000                _head64
                0x00000000001000e5                jumpto_longmode
 *fill*         0x0000000000100115      0xeeb 
 .data          0x0000000000101000     0x6004 obj/kern/bootstrap.o
                0x0000000000102000                pml4phys
                0x0000000000107000                multiboot_info
 .bss           0x0000000000107004        0x0 obj/kern/bootstrap.o
                0x0000008004200000                . = 0x8004200000

.text           0x0000008004200000    0x16295 load address 0x0000000000200000
 *(EXCLUDE_FILE(obj/kern/bootstrap.o) .text .stub .text.* .gnu.linkonce.t.*)
 .text          0x0000008004200000       0x58 obj/kern/entry.o
                0x000000800420000c                entry
                0x000000000020000c                _start
 .text          0x0000008004200058      0x67a obj/kern/init.o
                0x0000008004200099                i386_init
                0x00000080042003e8                mp_main
                0x00000080042004ae                _panic
                0x00000080042005e5                _warn
 .text          0x00000080042006d2      0xb58 obj/kern/console.o
                0x0000008004200762                serial_intr
                0x0000008004200fb1                kbd_intr
                0x000000800420108b                cons_getc
                0x000000800420117f                cons_init
                0x00000080042011d8                cputchar
                0x00000080042011f6                getchar
                0x0000008004201218                iscons
 .text          0x000000800420122a      0x4f1 obj/kern/monitor.o
                0x000000800420122a                mon_help
                0x00000080042012c1                mon_kerninfo
                0x000000800420144f                mon_backtrace
                0x000000800420167a                monitor
 .text          0x000000800420171b     0x59a2 obj/kern/pmap.o
                0x000000800420223b                x64_vm_init
                0x00000080042028b7                page_init
                0x0000008004202a54                page_alloc
                0x0000008004202b0f                page_free
                0x0000008004202b85                page_decref
                0x0000008004202bc6                pml4e_walk
                0x0000008004202d3b                pdpe_walk
                0x0000008004202eb0                pgdir_walk
                0x00000080042030b9                page_insert
                0x000000800420316e                page_lookup
                0x00000080042031e5                page_remove
                0x0000008004203269                tlb_invalidate
                0x000000800420333a                mmio_map_region
                0x0000008004203460                user_mem_check
                0x0000008004203580                user_mem_assert
 .text          0x00000080042070bd     0x12e1 obj/kern/env.o
                0x0000008004207222                envid2env
                0x000000800420738f                env_init
                0x00000080042074df                env_init_percpu
                0x000000800420761d                env_alloc
                0x000000800420790b                load_icode
                0x0000008004207a85                env_create
                0x0000008004207b2d                env_free
                0x0000008004207fd7                env_destroy
                0x00000080042080c9                env_pop_tf
                0x00000080042081a6                env_run
 .text          0x000000800420839e       0x7c obj/kern/kclock.o
                0x000000800420839e                mc146818_read
                0x00000080042083da                mc146818_write
 .text          0x000000800420841a      0x243 obj/kern/picirq.o
                0x000000800420841a                pic_init
                0x000000800420856c                irq_setmask_8259A
 .text          0x000000800420865d      0x165 obj/kern/printf.o
                0x000000800420868b                vcprintf
                0x00000080042086ea                cprintf
 .text          0x00000080042087c2     0x3902 obj/kern/trap.o
                0x0000008004208862                trap_init
                0x000000800420b012                trap_init_percpu
                0x000000800420b271                print_trapframe
                0x000000800420b582                print_regs
                0x000000800420b98b                trap
                0x000000800420bcf5                page_fault_handler
 .text          0x000000800420c0c4      0x180 obj/kern/trapentry.o
                0x000000800420c0c4                DIVIDE_F
                0x000000800420c0ce                DEBUG_F
                0x000000800420c0d8                NMI_F
                0x000000800420c0e2                BRKPT_F
                0x000000800420c0ec                OFLOW_F
                0x000000800420c0f6                BOUND_F
                0x000000800420c100                ILLOP_F
                0x000000800420c10a                DEVICE_F
                0x000000800420c114                DBLFLT_F
                0x000000800420c11c                TSS_F
                0x000000800420c124                SEGNP_F
                0x000000800420c12c                STACK_F
                0x000000800420c134                GPFLT_F
                0x000000800420c13c                PGFLT_F
                0x000000800420c144                FPERR_F
                0x000000800420c14e                ALIGN_F
                0x000000800420c156                MCHK_F
                0x000000800420c15c                SIMDERR_F
                0x000000800420c162                SYSCALL_F
                0x000000800420c168                DEFAULT_F
                0x000000800420c170                IRQ0_HANDLER
                0x000000800420c176                IRQ1_HANDLER
                0x000000800420c17c                IRQ2_HANDLER
                0x000000800420c182                IRQ3_HANDLER
                0x000000800420c188                IRQ4_HANDLER
                0x000000800420c18e                IRQ5_HANDLER
                0x000000800420c194                IRQ6_HANDLER
                0x000000800420c19a                IRQ7_HANDLER
                0x000000800420c1a0                IRQ8_HANDLER
                0x000000800420c1a6                IRQ9_HANDLER
                0x000000800420c1ac                IRQ10_HANDLER
                0x000000800420c1b2                IRQ11_HANDLER
                0x000000800420c1b8                IRQ12_HANDLER
                0x000000800420c1be                IRQ13_HANDLER
                0x000000800420c1c4                IRQ14_HANDLER
                0x000000800420c1ca                IRQ15_HANDLER
                0x000000800420c1d0                IRQ_ERROR_HANDLER
 .text          0x000000800420c244      0x44a obj/kern/sched.o
                0x000000800420c287                sched_yield
                0x000000800420c470                sched_halt
 .text          0x000000800420c68e      0xaac obj/kern/syscall.o
                0x000000800420cf73                syscall
 .text          0x000000800420d13a      0xc33 obj/kern/kdebug.o
                0x000000800420d13a                list_func_die
                0x000000800420d8a0                debuginfo_rip
 .text          0x000000800420dd6d      0xa84 obj/kern/printfmt.o
                0x000000800420e048                vprintfmt
                0x000000800420e573                printfmt
                0x000000800420e673                vsnprintf
                0x000000800420e710                snprintf
 .text          0x000000800420e7f1      0x155 obj/kern/readline.o
                0x000000800420e7f1                readline
 .text          0x000000800420e946      0x7c5 obj/kern/string.o
                0x000000800420e946                strlen
                0x000000800420e974                strnlen
                0x000000800420e9b2                strcpy
                0x000000800420e9f5                strcat
                0x000000800420ea44                strncpy
                0x000000800420eaa4                strlcpy
                0x000000800420eb14                strcmp
                0x000000800420eb67                strncmp
                0x000000800420ebd8                strchr
                0x000000800420ec14                strfind
                0x000000800420ec4b                memset
                0x000000800420ecd6                memmove
                0x000000800420eded                memcpy
                0x000000800420ee21                memcmp
                0x000000800420ee95                memfind
                0x000000800420eede                strtol
                0x000000800420f070                strstr
 .text          0x000000800420f10b     0x1f4d obj/kern/libdwarf_rw.o
                0x000000800420f10b                _dwarf_read_lsb
                0x000000800420f237                _dwarf_decode_lsb
                0x000000800420f358                _dwarf_read_msb
                0x000000800420f50a                _dwarf_decode_msb
                0x000000800420f6b9                _dwarf_read_sleb128
                0x000000800420f75d                _dwarf_read_uleb128
                0x000000800420f7dc                _dwarf_decode_sleb128
                0x000000800420f86e                _dwarf_decode_uleb128
                0x000000800420f8db                _dwarf_read_string
                0x000000800420f96a                _dwarf_read_block
                0x000000800420f9b3                _dwarf_elf_get_byte_order
                0x000000800420fa21                _dwarf_elf_get_pointer_size
                0x000000800420fa8b                _dwarf_init
                0x000000800420fb6d                _get_next_cu
                0x000000800420fd08                print_cu
                0x000000800420fd3f                _dwarf_abbrev_parse
                0x000000800420ffc2                _dwarf_abbrev_find
                0x00000080042100f3                _dwarf_attr_init
                0x0000008004210784                dwarf_search_die_within_cu
                0x0000008004210a7d                dwarf_offdie
                0x0000008004210b80                _dwarf_attr_find
                0x0000008004210c13                dwarf_siblingof
                0x0000008004210e57                dwarf_child
                0x0000008004210ffb                _dwarf_find_section_enhanced
 .text          0x0000008004211058     0x257f obj/kern/libdwarf_frame.o
                0x0000008004211058                _dwarf_frame_params_init
                0x0000008004211098                dwarf_get_fde_at_pc
                0x000000800421116a                _dwarf_frame_regtable_copy
                0x0000008004212117                _dwarf_frame_get_internal_table
                0x00000080042123a4                dwarf_get_fde_info_for_all_regs
                0x0000008004213246                _dwarf_frame_interal_table_init
                0x00000080042134ff                dwarf_set_frame_cfa_value
                0x000000800421352f                dwarf_init_eh_section
 .text          0x00000080042135d7      0xd4b obj/kern/libdwarf_lineno.o
                0x0000008004213c33                _dwarf_lineno_init
                0x00000080042141a7                dwarf_srclines
 .text          0x0000008004214322      0xd12 obj/kern/elf_rw.o
                0x0000008004214322                _dwarf_find_section
                0x00000080042143a2                find_debug_sections
                0x000000800421466b                read_section_headers
                0x0000008004214daa                readseg
                0x0000008004214f0e                waitdisk
                0x0000008004214f3a                readsect
 *fill*         0x0000008004215034        0x4 
 .text          0x0000008004215038       0xe7 obj/kern/mpentry.o
                0x0000008004215038                mpentry_start
                0x000000800421511e                mpentry_end
 .text          0x000000800421511f      0x891 obj/kern/mpconfig.o
                0x00000080042155f5                mp_init
 .text          0x00000080042159b0      0x473 obj/kern/lapic.o
                0x00000080042159f2                lapic_init
                0x0000008004215be9                cpunum
                0x0000008004215c1e                lapic_eoi
                0x0000008004215c59                lapic_startap
                0x0000008004215ddc                lapic_ipi
 .text          0x0000008004215e23      0x472 obj/kern/spinlock.o
                0x0000008004215f40                __spin_initlock
                0x0000008004215f74                spin_lock
                0x000000800421604b                spin_unlock
                0x0000008004216295                PROVIDE (etext, .)

.iplt           0x00000080042162a0        0x0 load address 0x00000000002162a0
 .iplt          0x0000000000000000        0x0 obj/kern/bootstrap.o

.rodata         0x00000080042162a0     0x29e1 load address 0x00000000002162a0
 *(EXCLUDE_FILE(obj/kern/bootstrap.o) .rodata .rodata.* .gnu.linkonce.r.*)
 .rodata        0x00000080042162a0       0xce obj/kern/init.o
 .rodata        0x000000800421636e       0x29 obj/kern/console.o
 *fill*         0x0000008004216397        0x1 
 .rodata        0x0000008004216398      0x1f9 obj/kern/monitor.o
 *fill*         0x0000008004216591        0x7 
 .rodata        0x0000008004216598      0xf1c obj/kern/pmap.o
 *fill*         0x00000080042174b4        0x4 
 .rodata        0x00000080042174b8       0xbb obj/kern/env.o
 .rodata        0x0000008004217573       0x1a obj/kern/picirq.o
 *fill*         0x000000800421758d       0x13 
 .rodata        0x00000080042175a0      0x4c0 obj/kern/trap.o
 .rodata        0x0000008004217a60       0x61 obj/kern/sched.o
 *fill*         0x0000008004217ac1        0x7 
 .rodata        0x0000008004217ac8       0xb0 obj/kern/syscall.o
 *fill*         0x0000008004217b78        0x8 
 .rodata        0x0000008004217b80      0x378 obj/kern/kdebug.o
 *fill*         0x0000008004217ef8        0x8 
 .rodata        0x0000008004217f00      0x4c8 obj/kern/printfmt.o
 .rodata        0x00000080042183c8       0x13 obj/kern/readline.o
 *fill*         0x00000080042183db        0x5 
 .rodata        0x00000080042183e0      0x1ab obj/kern/libdwarf_rw.o
 *fill*         0x000000800421858b        0x5 
 .rodata        0x0000008004218590      0x1d8 obj/kern/libdwarf_frame.o
 .rodata        0x0000008004218768       0xc3 obj/kern/libdwarf_lineno.o
 .rodata        0x000000800421882b       0xa4 obj/kern/elf_rw.o
 *fill*         0x00000080042188cf        0x1 
 .rodata        0x00000080042188d0      0x289 obj/kern/mpconfig.o
 *fill*         0x0000008004218b59        0x7 
 .rodata        0x0000008004218b60       0x30 obj/kern/lapic.o
 .rodata        0x0000008004218b90       0xf1 obj/kern/spinlock.o

.eh_frame       0x0000008004218c88     0x1af8 load address 0x0000000000218c88
 .eh_frame      0x0000008004218c88       0xf8 obj/kern/init.o
                                         0xf0 (size before relaxing)
 .eh_frame      0x0000008004218d80      0x240 obj/kern/console.o
                                        0x258 (size before relaxing)
 .eh_frame      0x0000008004218fc0       0xa0 obj/kern/monitor.o
                                         0xb8 (size before relaxing)
 .eh_frame      0x0000008004219060      0x420 obj/kern/pmap.o
                                        0x430 (size before relaxing)
 .eh_frame      0x0000008004219480      0x230 obj/kern/env.o
                                        0x240 (size before relaxing)
 .eh_frame      0x00000080042196b0       0x40 obj/kern/kclock.o
                                         0x58 (size before relaxing)
 .eh_frame      0x00000080042196f0       0x40 obj/kern/picirq.o
                                         0x58 (size before relaxing)
 .eh_frame      0x0000008004219730       0x60 obj/kern/printf.o
                                         0x78 (size before relaxing)
 .eh_frame      0x0000008004219790      0x148 obj/kern/trap.o
                                        0x160 (size before relaxing)
 .eh_frame      0x00000080042198d8       0x80 obj/kern/sched.o
                                         0x98 (size before relaxing)
 .eh_frame      0x0000008004219958      0x1f0 obj/kern/syscall.o
                                        0x200 (size before relaxing)
 .eh_frame      0x0000008004219b48       0x48 obj/kern/kdebug.o
                                         0x60 (size before relaxing)
 .eh_frame      0x0000008004219b90      0x118 obj/kern/printfmt.o
                                        0x128 (size before relaxing)
 .eh_frame      0x0000008004219ca8       0x20 obj/kern/readline.o
                                         0x38 (size before relaxing)
 .eh_frame      0x0000008004219cc8      0x220 obj/kern/string.o
                                        0x238 (size before relaxing)
 .eh_frame      0x0000008004219ee8      0x308 obj/kern/libdwarf_rw.o
                                        0x320 (size before relaxing)
 .eh_frame      0x000000800421a1f0      0x1d0 obj/kern/libdwarf_frame.o
                                        0x1e8 (size before relaxing)
 .eh_frame      0x000000800421a3c0       0x98 obj/kern/libdwarf_lineno.o
                                         0xb0 (size before relaxing)
 .eh_frame      0x000000800421a458       0xc0 obj/kern/elf_rw.o
                                         0xd8 (size before relaxing)
 .eh_frame      0x000000800421a518       0xa8 obj/kern/mpconfig.o
                                         0xc0 (size before relaxing)
 .eh_frame      0x000000800421a5c0       0xe0 obj/kern/lapic.o
                                         0xf8 (size before relaxing)
 .eh_frame      0x000000800421a6a0       0xe0 obj/kern/spinlock.o
                                         0xf0 (size before relaxing)

.rela.dyn       0x000000800421a780        0x0 load address 0x000000000021a780
 .rela.iplt     0x0000000000000000        0x0 obj/kern/bootstrap.o
 .rela.text     0x0000000000000000        0x0 obj/kern/bootstrap.o
 .rela.data     0x0000000000000000        0x0 obj/kern/bootstrap.o
                0x000000800421b000                . = ALIGN (0x1000)

.data           0x000000800421b000   0x4a2a07 load address 0x000000000021b000
 *(EXCLUDE_FILE(obj/kern/bootstrap.o) .data)
 .data          0x000000800421b000    0x10042 obj/kern/entry.o
                0x000000800421b000                bootstack
                0x000000800422b000                kernel_64
                0x000000800422b000                bootstacktop
                0x000000800422b038                gdtdesc_64
 .data          0x000000800422b042        0x0 obj/kern/init.o
 *fill*         0x000000800422b042       0x1e 
 .data          0x000000800422b060      0x520 obj/kern/console.o
 .data          0x000000800422b580       0x30 obj/kern/monitor.o
 .data          0x000000800422b5b0        0x8 obj/kern/pmap.o
 *fill*         0x000000800422b5b8        0x8 
 .data          0x000000800422b5c0       0xb2 obj/kern/env.o
                0x000000800422b5c0                gdt
                0x000000800422b668                gdt_pd
 .data          0x000000800422b672        0x0 obj/kern/kclock.o
 .data          0x000000800422b672        0x2 obj/kern/picirq.o
                0x000000800422b672                irq_mask_8259A
 .data          0x000000800422b674        0x0 obj/kern/printf.o
 .data          0x000000800422b674        0x0 obj/kern/trap.o
 .data          0x000000800422b674        0x0 obj/kern/trapentry.o
 .data          0x000000800422b674        0x0 obj/kern/sched.o
 .data          0x000000800422b674        0x0 obj/kern/syscall.o
 *fill*         0x000000800422b674        0x4 
 .data          0x000000800422b678       0x18 obj/kern/kdebug.o
                0x000000800422b678                fde
                0x000000800422b680                cie
                0x000000800422b688                dbg
 .data          0x000000800422b690        0x0 obj/kern/printfmt.o
 .data          0x000000800422b690        0x0 obj/kern/readline.o
 .data          0x000000800422b690        0x0 obj/kern/string.o
 .data          0x000000800422b690        0x0 obj/kern/libdwarf_rw.o
 *fill*         0x000000800422b690       0x10 
 .data          0x000000800422b6a0       0x20 obj/kern/libdwarf_frame.o
                0x000000800422b6a0                debug_frame_sec
 .data          0x000000800422b6c0        0x0 obj/kern/libdwarf_lineno.o
 .data          0x000000800422b6c0       0xa0 obj/kern/elf_rw.o
                0x000000800422b6c0                section_info
 .data          0x000000800422b760        0x0 obj/kern/mpentry.o
 .data          0x000000800422b760        0x0 obj/kern/mpconfig.o
 .data          0x000000800422b760        0x0 obj/kern/lapic.o
 .data          0x000000800422b760       0x68 obj/kern/spinlock.o
                0x000000800422b760                kernel_lock
 .data          0x000000800422b7c8    0x18aa0 obj/user/hello
                0x000000800422b7c8                _binary_obj_user_hello_start
                0x0000008004244268                _binary_obj_user_hello_end
 .data          0x0000008004244268    0x185f5 obj/user/buggyhello
                0x0000008004244268                _binary_obj_user_buggyhello_start
                0x000000800425c85d                _binary_obj_user_buggyhello_end
 .data          0x000000800425c85d    0x1865c obj/user/buggyhello2
                0x000000800425c85d                _binary_obj_user_buggyhello2_start
                0x0000008004274eb9                _binary_obj_user_buggyhello2_end
 .data          0x0000008004274eb9    0x18604 obj/user/evilhello
                0x0000008004274eb9                _binary_obj_user_evilhello_start
                0x000000800428d4bd                _binary_obj_user_evilhello_end
 .data          0x000000800428d4bd    0x1876b obj/user/testbss
                0x000000800428d4bd                _binary_obj_user_testbss_start
                0x00000080042a5c28                _binary_obj_user_testbss_end
 .data          0x00000080042a5c28    0x1863f obj/user/divzero
                0x00000080042a5c28                _binary_obj_user_divzero_start
                0x00000080042be267                _binary_obj_user_divzero_end
 .data          0x00000080042be267    0x1853d obj/user/breakpoint
                0x00000080042be267                _binary_obj_user_breakpoint_start
                0x00000080042d67a4                _binary_obj_user_breakpoint_end
 .data          0x00000080042d67a4    0x1852a obj/user/softint
                0x00000080042d67a4                _binary_obj_user_softint_start
                0x00000080042eecce                _binary_obj_user_softint_end
 .data          0x00000080042eecce    0x1853d obj/user/badsegment
                0x00000080042eecce                _binary_obj_user_badsegment_start
                0x000000800430720b                _binary_obj_user_badsegment_end
 .data          0x000000800430720b    0x18604 obj/user/faultread
                0x000000800430720b                _binary_obj_user_faultread_start
                0x000000800431f80f                _binary_obj_user_faultread_end
 .data          0x000000800431f80f    0x18612 obj/user/faultreadkernel
                0x000000800431f80f                _binary_obj_user_faultreadkernel_start
                0x0000008004337e21                _binary_obj_user_faultreadkernel_end
 .data          0x0000008004337e21    0x1853d obj/user/faultwrite
                0x0000008004337e21                _binary_obj_user_faultwrite_start
                0x000000800435035e                _binary_obj_user_faultwrite_end
 .data          0x000000800435035e    0x1854b obj/user/faultwritekernel
                0x000000800435035e                _binary_obj_user_faultwritekernel_start
                0x00000080043688a9                _binary_obj_user_faultwritekernel_end
 .data          0x00000080043688a9    0x185df obj/user/idle
                0x00000080043688a9                _binary_obj_user_idle_start
                0x0000008004380e88                _binary_obj_user_idle_end
 .data          0x0000008004380e88    0x18b48 obj/user/yield
                0x0000008004380e88                _binary_obj_user_yield_start
                0x00000080043999d0                _binary_obj_user_yield_end
 .data          0x00000080043999d0    0x19550 obj/user/dumbfork
                0x00000080043999d0                _binary_obj_user_dumbfork_start
                0x00000080043b2f20                _binary_obj_user_dumbfork_end
 .data          0x00000080043b2f20    0x1bbc7 obj/user/stresssched
                0x00000080043b2f20                _binary_obj_user_stresssched_start
                0x00000080043ceae7                _binary_obj_user_stresssched_end
 .data          0x00000080043ceae7    0x190e2 obj/user/faultdie
                0x00000080043ceae7                _binary_obj_user_faultdie_start
                0x00000080043e7bc9                _binary_obj_user_faultdie_end
 .data          0x00000080043e7bc9    0x1aafa obj/user/faultregs
                0x00000080043e7bc9                _binary_obj_user_faultregs_start
                0x00000080044026c3                _binary_obj_user_faultregs_end
 .data          0x00000080044026c3    0x19234 obj/user/faultalloc
                0x00000080044026c3                _binary_obj_user_faultalloc_start
                0x000000800441b8f7                _binary_obj_user_faultalloc_end
 .data          0x000000800441b8f7    0x1920f obj/user/faultallocbad
                0x000000800441b8f7                _binary_obj_user_faultallocbad_start
                0x0000008004434b06                _binary_obj_user_faultallocbad_end
 .data          0x0000008004434b06    0x18cb6 obj/user/faultnostack
                0x0000008004434b06                _binary_obj_user_faultnostack_start
                0x000000800444d7bc                _binary_obj_user_faultnostack_end
 .data          0x000000800444d7bc    0x18642 obj/user/faultbadhandler
                0x000000800444d7bc                _binary_obj_user_faultbadhandler_start
                0x0000008004465dfe                _binary_obj_user_faultbadhandler_end
 .data          0x0000008004465dfe    0x18643 obj/user/faultevilhandler
                0x0000008004465dfe                _binary_obj_user_faultevilhandler_start
                0x000000800447e441                _binary_obj_user_faultevilhandler_end
 .data          0x000000800447e441    0x1b8e7 obj/user/forktree
                0x000000800447e441                _binary_obj_user_forktree_start
                0x0000008004499d28                _binary_obj_user_forktree_end
 .data          0x0000008004499d28    0x1bb96 obj/user/sendpage
                0x0000008004499d28                _binary_obj_user_sendpage_start
                0x00000080044b58be                _binary_obj_user_sendpage_end
 .data          0x00000080044b58be    0x1b670 obj/user/spin
                0x00000080044b58be                _binary_obj_user_spin_start
                0x00000080044d0f2e                _binary_obj_user_spin_end
 .data          0x00000080044d0f2e    0x18b7b obj/user/fairness
                0x00000080044d0f2e                _binary_obj_user_fairness_start
                0x00000080044e9aa9                _binary_obj_user_fairness_end
 .data          0x00000080044e9aa9    0x1b67c obj/user/pingpong
                0x00000080044e9aa9                _binary_obj_user_pingpong_start
                0x0000008004505125                _binary_obj_user_pingpong_end
 .data          0x0000008004505125    0x1bb09 obj/user/pingpongs
                0x0000008004505125                _binary_obj_user_pingpongs_start
                0x0000008004520c2e                _binary_obj_user_pingpongs_end
 .data          0x0000008004520c2e    0x1bd0c obj/user/primes
                0x0000008004520c2e                _binary_obj_user_primes_start
                0x000000800453c93a                _binary_obj_user_primes_end
 .data          0x000000800453c93a    0x1b0ed obj/user/testfile
                0x000000800453c93a                _binary_obj_user_testfile_start
                0x0000008004557a27                _binary_obj_user_testfile_end
 .data          0x0000008004557a27    0x18c64 obj/user/writemotd
                0x0000008004557a27                _binary_obj_user_writemotd_start
                0x000000800457068b                _binary_obj_user_writemotd_end
 .data          0x000000800457068b    0x1bff3 obj/user/spawnhello
                0x000000800457068b                _binary_obj_user_spawnhello_start
                0x000000800458c67e                _binary_obj_user_spawnhello_end
 .data          0x000000800458c67e    0x1bebe obj/user/icode
                0x000000800458c67e                _binary_obj_user_icode_start
                0x00000080045a853c                _binary_obj_user_icode_end
 .data          0x00000080045a853c    0x2f9b6 obj/fs/fs
                0x00000080045a853c                _binary_obj_fs_fs_start
                0x00000080045d7ef2                _binary_obj_fs_fs_end
 .data          0x00000080045d7ef2    0x1f6b8 obj/user/testpteshare
                0x00000080045d7ef2                _binary_obj_user_testpteshare_start
                0x00000080045f75aa                _binary_obj_user_testpteshare_end
 .data          0x00000080045f75aa    0x1c456 obj/user/testfdsharing
                0x00000080045f75aa                _binary_obj_user_testfdsharing_start
                0x0000008004613a00                _binary_obj_user_testfdsharing_end
 .data          0x0000008004613a00    0x1c884 obj/user/testpipe
                0x0000008004613a00                _binary_obj_user_testpipe_start
                0x0000008004630284                _binary_obj_user_testpipe_end
 .data          0x0000008004630284    0x1c0a8 obj/user/testpiperace
                0x0000008004630284                _binary_obj_user_testpiperace_start
                0x000000800464c32c                _binary_obj_user_testpiperace_end
 .data          0x000000800464c32c    0x1bee1 obj/user/testpiperace2
                0x000000800464c32c                _binary_obj_user_testpiperace2_start
                0x000000800466820d                _binary_obj_user_testpiperace2_end
 .data          0x000000800466820d    0x1bc78 obj/user/primespipe
                0x000000800466820d                _binary_obj_user_primespipe_start
                0x0000008004683e85                _binary_obj_user_primespipe_end
 .data          0x0000008004683e85    0x19c25 obj/user/testkbd
                0x0000008004683e85                _binary_obj_user_testkbd_start
                0x000000800469daaa                _binary_obj_user_testkbd_end
 .data          0x000000800469daaa    0x1ff5d obj/user/testshell
                0x000000800469daaa                _binary_obj_user_testshell_start
                0x00000080046bda07                _binary_obj_user_testshell_end
                0x00000080046bda07                PROVIDE (edata, .)

.igot.plt       0x00000080046bda08        0x0 load address 0x00000000006bda08
 .igot.plt      0x0000000000000000        0x0 obj/kern/bootstrap.o

.bss            0x00000080046be000    0x84010 load address 0x00000000006be000
 *(EXCLUDE_FILE(obj/kern/bootstrap.o) .bss)
 .bss           0x00000080046be000        0x0 obj/kern/entry.o
 .bss           0x00000080046be000        0x0 obj/kern/init.o
 .bss           0x00000080046be000      0x22c obj/kern/console.o
 .bss           0x00000080046be22c        0x0 obj/kern/monitor.o
 *fill*         0x00000080046be22c        0x4 
 .bss           0x00000080046be230       0x20 obj/kern/pmap.o
 .bss           0x00000080046be250       0x10 obj/kern/env.o
                0x00000080046be250                envs
 .bss           0x00000080046be260        0x0 obj/kern/kclock.o
 .bss           0x00000080046be260        0x1 obj/kern/picirq.o
 .bss           0x00000080046be261        0x0 obj/kern/printf.o
 *fill*         0x00000080046be261       0x1f 
 .bss           0x00000080046be280     0x1018 obj/kern/trap.o
                0x00000080046be280                idt
                0x00000080046bf280                idt_pd
 .bss           0x00000080046bf298        0x0 obj/kern/trapentry.o
 .bss           0x00000080046bf298        0x0 obj/kern/sched.o
 .bss           0x00000080046bf298        0x0 obj/kern/syscall.o
 .bss           0x00000080046bf298        0x8 obj/kern/kdebug.o
 .bss           0x00000080046bf2a0        0x0 obj/kern/printfmt.o
 .bss           0x00000080046bf2a0      0x400 obj/kern/readline.o
 .bss           0x00000080046bf6a0        0x0 obj/kern/string.o
 .bss           0x00000080046bf6a0        0x0 obj/kern/libdwarf_rw.o
 .bss           0x00000080046bf6a0       0x68 obj/kern/libdwarf_frame.o
                0x00000080046bf6a0                global_rt_table
                0x00000080046bf6e0                global_rt_table_shadow
 .bss           0x00000080046bf708        0x0 obj/kern/libdwarf_lineno.o
 .bss           0x00000080046bf708        0x0 obj/kern/elf_rw.o
 .bss           0x00000080046bf708        0x0 obj/kern/mpentry.o
 .bss           0x00000080046bf708        0x0 obj/kern/mpconfig.o
 .bss           0x00000080046bf708        0x0 obj/kern/lapic.o
 .bss           0x00000080046bf708        0x0 obj/kern/spinlock.o
 COMMON         0x00000080046bf708       0x18 obj/kern/init.o
                0x00000080046bf708                end_debug
                0x00000080046bf710                panicstr
                0x00000080046bf718                mpentry_kstack
 COMMON         0x00000080046bf720       0x20 obj/kern/pmap.o
                0x00000080046bf720                boot_cr3
                0x00000080046bf728                boot_pml4e
                0x00000080046bf730                npages
                0x00000080046bf738                pages
 COMMON         0x00000080046bf740       0x68 obj/kern/trap.o
                0x00000080046bf740                ts
 *fill*         0x00000080046bf7a8       0x18 
 COMMON         0x00000080046bf7c0      0x160 obj/kern/kdebug.o
                0x00000080046bf7c0                mydebug
                0x00000080046bf820                _cie
                0x00000080046bf8a0                _fde
 COMMON         0x00000080046bf920      0xc70 obj/kern/libdwarf_frame.o
                0x00000080046bf920                global_rules_shadow
                0x00000080046bff60                global_rules
 *fill*         0x00000080046c0590       0x10 
 COMMON         0x00000080046c05a0      0x200 obj/kern/libdwarf_lineno.o
                0x00000080046c05a0                global_std_op
 *fill*         0x00000080046c07a0      0x860 
 COMMON         0x00000080046c1000    0x81000 obj/kern/mpconfig.o
                0x00000080046c1000                ismp
                0x00000080046c1020                cpus
                0x00000080046c13e0                bootcpu
                0x00000080046c13e8                ncpu
                0x00000080046c2000                percpu_kstacks
 COMMON         0x0000008004742000       0x10 obj/kern/lapic.o
                0x0000008004742000                lapicaddr
                0x0000008004742008                lapic
                0x0000008004742010                PROVIDE (end, .)

.debug
 *(.debug)

.line
 *(.line)

.debug_srcinfo
 *(.debug_srcinfo)

.debug_sfnames
 *(.debug_sfnames)

.debug_aranges  0x0000000000000000      0x4e0
 *(.debug_aranges)
 .debug_aranges
                0x0000000000000000       0x30 obj/kern/bootstrap.o
 .debug_aranges
                0x0000000000000030       0x30 obj/kern/entry.o
 .debug_aranges
                0x0000000000000060       0x30 obj/kern/init.o
 .debug_aranges
                0x0000000000000090       0x30 obj/kern/console.o
 .debug_aranges
                0x00000000000000c0       0x30 obj/kern/monitor.o
 .debug_aranges
                0x00000000000000f0       0x30 obj/kern/pmap.o
 .debug_aranges
                0x0000000000000120       0x30 obj/kern/env.o
 .debug_aranges
                0x0000000000000150       0x30 obj/kern/kclock.o
 .debug_aranges
                0x0000000000000180       0x30 obj/kern/picirq.o
 .debug_aranges
                0x00000000000001b0       0x30 obj/kern/printf.o
 .debug_aranges
                0x00000000000001e0       0x30 obj/kern/trap.o
 .debug_aranges
                0x0000000000000210       0x30 obj/kern/trapentry.o
 .debug_aranges
                0x0000000000000240       0x30 obj/kern/sched.o
 .debug_aranges
                0x0000000000000270       0x30 obj/kern/syscall.o
 .debug_aranges
                0x00000000000002a0       0x30 obj/kern/kdebug.o
 .debug_aranges
                0x00000000000002d0       0x30 obj/kern/printfmt.o
 .debug_aranges
                0x0000000000000300       0x30 obj/kern/readline.o
 .debug_aranges
                0x0000000000000330       0x30 obj/kern/string.o
 .debug_aranges
                0x0000000000000360       0x30 obj/kern/libdwarf_rw.o
 .debug_aranges
                0x0000000000000390       0x30 obj/kern/libdwarf_frame.o
 .debug_aranges
                0x00000000000003c0       0x30 obj/kern/libdwarf_lineno.o
 .debug_aranges
                0x00000000000003f0       0x30 obj/kern/elf_rw.o
 .debug_aranges
                0x0000000000000420       0x30 obj/kern/mpentry.o
 .debug_aranges
                0x0000000000000450       0x30 obj/kern/mpconfig.o
 .debug_aranges
                0x0000000000000480       0x30 obj/kern/lapic.o
 .debug_aranges
                0x00000000000004b0       0x30 obj/kern/spinlock.o

.debug_pubnames
 *(.debug_pubnames)

.debug_info     0x0000000000000000    0x17f70
 *(.debug_info .gnu.linkonce.wi.*)
 .debug_info    0x0000000000000000       0x6b obj/kern/bootstrap.o
 .debug_info    0x000000000000006b       0x67 obj/kern/entry.o
 .debug_info    0x00000000000000d2      0xd78 obj/kern/init.o
 .debug_info    0x0000000000000e4a      0xf6d obj/kern/console.o
 .debug_info    0x0000000000001db7      0x7eb obj/kern/monitor.o
 .debug_info    0x00000000000025a2     0x5b97 obj/kern/pmap.o
 .debug_info    0x0000000000008139     0x1722 obj/kern/env.o
 .debug_info    0x000000000000985b      0x1f1 obj/kern/kclock.o
 .debug_info    0x0000000000009a4c      0x48e obj/kern/picirq.o
 .debug_info    0x0000000000009eda      0x24d obj/kern/printf.o
 .debug_info    0x000000000000a127     0x152e obj/kern/trap.o
 .debug_info    0x000000000000b655       0x6b obj/kern/trapentry.o
 .debug_info    0x000000000000b6c0      0x8ec obj/kern/sched.o
 .debug_info    0x000000000000bfac     0x10c1 obj/kern/syscall.o
 .debug_info    0x000000000000d06d     0x18ef obj/kern/kdebug.o
 .debug_info    0x000000000000e95c      0xa47 obj/kern/printfmt.o
 .debug_info    0x000000000000f3a3      0x209 obj/kern/readline.o
 .debug_info    0x000000000000f5ac      0x790 obj/kern/string.o
 .debug_info    0x000000000000fd3c     0x1fc4 obj/kern/libdwarf_rw.o
 .debug_info    0x0000000000011d00     0x1c68 obj/kern/libdwarf_frame.o
 .debug_info    0x0000000000013968     0x1208 obj/kern/libdwarf_lineno.o
 .debug_info    0x0000000000014b70      0xcfe obj/kern/elf_rw.o
 .debug_info    0x000000000001586e       0x69 obj/kern/mpentry.o
 .debug_info    0x00000000000158d7      0xf74 obj/kern/mpconfig.o
 .debug_info    0x000000000001684b      0xbcd obj/kern/lapic.o
 .debug_info    0x0000000000017418      0xb58 obj/kern/spinlock.o

.debug_abbrev   0x0000000000000000     0x318d
 *(.debug_abbrev)
 .debug_abbrev  0x0000000000000000       0x14 obj/kern/bootstrap.o
 .debug_abbrev  0x0000000000000014       0x14 obj/kern/entry.o
 .debug_abbrev  0x0000000000000028      0x280 obj/kern/init.o
 .debug_abbrev  0x00000000000002a8      0x2e9 obj/kern/console.o
 .debug_abbrev  0x0000000000000591      0x1b2 obj/kern/monitor.o
 .debug_abbrev  0x0000000000000743      0x380 obj/kern/pmap.o
 .debug_abbrev  0x0000000000000ac3      0x344 obj/kern/env.o
 .debug_abbrev  0x0000000000000e07      0x10b obj/kern/kclock.o
 .debug_abbrev  0x0000000000000f12       0xf3 obj/kern/picirq.o
 .debug_abbrev  0x0000000000001005      0x110 obj/kern/printf.o
 .debug_abbrev  0x0000000000001115      0x379 obj/kern/trap.o
 .debug_abbrev  0x000000000000148e       0x14 obj/kern/trapentry.o
 .debug_abbrev  0x00000000000014a2      0x20b obj/kern/sched.o
 .debug_abbrev  0x00000000000016ad      0x244 obj/kern/syscall.o
 .debug_abbrev  0x00000000000018f1      0x2d7 obj/kern/kdebug.o
 .debug_abbrev  0x0000000000001bc8      0x262 obj/kern/printfmt.o
 .debug_abbrev  0x0000000000001e2a       0xe3 obj/kern/readline.o
 .debug_abbrev  0x0000000000001f0d      0x166 obj/kern/string.o
 .debug_abbrev  0x0000000000002073      0x26a obj/kern/libdwarf_rw.o
 .debug_abbrev  0x00000000000022dd      0x2c0 obj/kern/libdwarf_frame.o
 .debug_abbrev  0x000000000000259d      0x28a obj/kern/libdwarf_lineno.o
 .debug_abbrev  0x0000000000002827      0x21b obj/kern/elf_rw.o
 .debug_abbrev  0x0000000000002a42       0x14 obj/kern/mpentry.o
 .debug_abbrev  0x0000000000002a56      0x283 obj/kern/mpconfig.o
 .debug_abbrev  0x0000000000002cd9      0x214 obj/kern/lapic.o
 .debug_abbrev  0x0000000000002eed      0x2a0 obj/kern/spinlock.o

.debug_line     0x0000000000000000     0x389a
 *(.debug_line)
 .debug_line    0x0000000000000000       0x99 obj/kern/bootstrap.o
 .debug_line    0x0000000000000099       0x51 obj/kern/entry.o
 .debug_line    0x00000000000000ea      0x18d obj/kern/init.o
 .debug_line    0x0000000000000277      0x2a5 obj/kern/console.o
 .debug_line    0x000000000000051c       0xf5 obj/kern/monitor.o
 .debug_line    0x0000000000000611      0xdcd obj/kern/pmap.o
 .debug_line    0x00000000000013de      0x318 obj/kern/env.o
 .debug_line    0x00000000000016f6       0x86 obj/kern/kclock.o
 .debug_line    0x000000000000177c       0x9d obj/kern/picirq.o
 .debug_line    0x0000000000001819       0x7f obj/kern/printf.o
 .debug_line    0x0000000000001898      0x2fa obj/kern/trap.o
 .debug_line    0x0000000000001b92       0x75 obj/kern/trapentry.o
 .debug_line    0x0000000000001c07      0x161 obj/kern/sched.o
 .debug_line    0x0000000000001d68      0x1de obj/kern/syscall.o
 .debug_line    0x0000000000001f46      0x1d0 obj/kern/kdebug.o
 .debug_line    0x0000000000002116      0x285 obj/kern/printfmt.o
 .debug_line    0x000000000000239b       0x8c obj/kern/readline.o
 .debug_line    0x0000000000002427      0x1e8 obj/kern/string.o
 .debug_line    0x000000000000260f      0x45a obj/kern/libdwarf_rw.o
 .debug_line    0x0000000000002a69      0x4f9 obj/kern/libdwarf_frame.o
 .debug_line    0x0000000000002f62      0x206 obj/kern/libdwarf_lineno.o
 .debug_line    0x0000000000003168      0x229 obj/kern/elf_rw.o
 .debug_line    0x0000000000003391       0x74 obj/kern/mpentry.o
 .debug_line    0x0000000000003405      0x1d0 obj/kern/mpconfig.o
 .debug_line    0x00000000000035d5      0x15e obj/kern/lapic.o
 .debug_line    0x0000000000003733      0x167 obj/kern/spinlock.o

.debug_frame
 *(.debug_frame)

.debug_str      0x0000000000000000     0x2932
 *(.debug_str)
 .debug_str     0x0000000000000000      0x5b1 obj/kern/init.o
                                        0x640 (size before relaxing)
 .debug_str     0x00000000000005b1      0x14e obj/kern/console.o
                                        0x2d2 (size before relaxing)
 .debug_str     0x00000000000006ff       0x63 obj/kern/monitor.o
                                        0x331 (size before relaxing)
 .debug_str     0x0000000000000762      0x597 obj/kern/pmap.o
                                        0xae1 (size before relaxing)
 .debug_str     0x0000000000000cf9      0x2a2 obj/kern/env.o
                                        0x90d (size before relaxing)
 .debug_str     0x0000000000000f9b       0x31 obj/kern/kclock.o
                                        0x18f (size before relaxing)
 .debug_str     0x0000000000000fcc       0x2d obj/kern/picirq.o
                                        0x1ba (size before relaxing)
 .debug_str     0x0000000000000ff9       0x17 obj/kern/printf.o
                                        0x1c4 (size before relaxing)
 .debug_str     0x0000000000001010      0x197 obj/kern/trap.o
                                        0x77f (size before relaxing)
 .debug_str     0x00000000000011a7       0x29 obj/kern/sched.o
                                        0x584 (size before relaxing)
 .debug_str     0x00000000000011d0      0x203 obj/kern/syscall.o
                                        0x800 (size before relaxing)
 .debug_str     0x00000000000013d3      0x9ec obj/kern/kdebug.o
                                        0xf6b (size before relaxing)
 .debug_str     0x0000000000001dbf       0x99 obj/kern/printfmt.o
                                        0x376 (size before relaxing)
 .debug_str     0x0000000000001e58       0x27 obj/kern/readline.o
                                        0x200 (size before relaxing)
 .debug_str     0x0000000000001e7f       0x9e obj/kern/string.o
                                        0x21d (size before relaxing)
 .debug_str     0x0000000000001f1d      0x262 obj/kern/libdwarf_rw.o
                                        0xc13 (size before relaxing)
 .debug_str     0x000000000000217f      0x2d2 obj/kern/libdwarf_frame.o
                                        0xb6c (size before relaxing)
 .debug_str     0x0000000000002451      0x1bd obj/kern/libdwarf_lineno.o
                                        0xbba (size before relaxing)
 .debug_str     0x000000000000260e      0x1b7 obj/kern/elf_rw.o
                                        0x477 (size before relaxing)
 .debug_str     0x00000000000027c5       0xbe obj/kern/mpconfig.o
                                        0x5e0 (size before relaxing)
 .debug_str     0x0000000000002883       0x59 obj/kern/lapic.o
                                        0x535 (size before relaxing)
 .debug_str     0x00000000000028dc       0x56 obj/kern/spinlock.o
                                        0x5ff (size before relaxing)

.debug_loc      0x0000000000000000    0x1a091
 *(.debug_loc)
 .debug_loc     0x0000000000000000      0x5a4 obj/kern/init.o
 .debug_loc     0x00000000000005a4     0x1c9a obj/kern/console.o
 .debug_loc     0x000000000000223e      0x699 obj/kern/monitor.o
 .debug_loc     0x00000000000028d7     0x54c1 obj/kern/pmap.o
 .debug_loc     0x0000000000007d98     0x1863 obj/kern/env.o
 .debug_loc     0x00000000000095fb      0x27f obj/kern/kclock.o
 .debug_loc     0x000000000000987a      0x824 obj/kern/picirq.o
 .debug_loc     0x000000000000a09e      0x2be obj/kern/printf.o
 .debug_loc     0x000000000000a35c      0x8e7 obj/kern/trap.o
 .debug_loc     0x000000000000ac43      0x30d obj/kern/sched.o
 .debug_loc     0x000000000000af50     0x1ae8 obj/kern/syscall.o
 .debug_loc     0x000000000000ca38      0x9e1 obj/kern/kdebug.o
 .debug_loc     0x000000000000d419      0xe98 obj/kern/printfmt.o
 .debug_loc     0x000000000000e2b1      0x23b obj/kern/readline.o
 .debug_loc     0x000000000000e4ec     0x19a9 obj/kern/string.o
 .debug_loc     0x000000000000fe95     0x346f obj/kern/libdwarf_rw.o
 .debug_loc     0x0000000000013304     0x2d67 obj/kern/libdwarf_frame.o
 .debug_loc     0x000000000001606b     0x155b obj/kern/libdwarf_lineno.o
 .debug_loc     0x00000000000175c6     0x155b obj/kern/elf_rw.o
 .debug_loc     0x0000000000018b21      0xb42 obj/kern/mpconfig.o
 .debug_loc     0x0000000000019663      0x5a6 obj/kern/lapic.o
 .debug_loc     0x0000000000019c09      0x488 obj/kern/spinlock.o

.comment        0x0000000000000000       0x2b
 .comment       0x0000000000000000       0x2b obj/kern/init.o
                                         0x2c (size before relaxing)
 .comment       0x0000000000000000       0x2c obj/kern/console.o
 .comment       0x0000000000000000       0x2c obj/kern/monitor.o
 .comment       0x0000000000000000       0x2c obj/kern/pmap.o
 .comment       0x0000000000000000       0x2c obj/kern/env.o
 .comment       0x0000000000000000       0x2c obj/kern/kclock.o
 .comment       0x0000000000000000       0x2c obj/kern/picirq.o
 .comment       0x0000000000000000       0x2c obj/kern/printf.o
 .comment       0x0000000000000000       0x2c obj/kern/trap.o
 .comment       0x0000000000000000       0x2c obj/kern/sched.o
 .comment       0x0000000000000000       0x2c obj/kern/syscall.o
 .comment       0x0000000000000000       0x2c obj/kern/kdebug.o
 .comment       0x0000000000000000       0x2c obj/kern/printfmt.o
 .comment       0x0000000000000000       0x2c obj/kern/readline.o
 .comment       0x0000000000000000       0x2c obj/kern/string.o
 .comment       0x0000000000000000       0x2c obj/kern/libdwarf_rw.o
 .comment       0x0000000000000000       0x2c obj/kern/libdwarf_frame.o
 .comment       0x0000000000000000       0x2c obj/kern/libdwarf_lineno.o
 .comment       0x0000000000000000       0x2c obj/kern/elf_rw.o
 .comment       0x0000000000000000       0x2c obj/kern/mpconfig.o
 .comment       0x0000000000000000       0x2c obj/kern/lapic.o
 .comment       0x0000000000000000       0x2c obj/kern/spinlock.o

.debug_macinfo
 *(.debug_macinfo)

.debug_weaknames
 *(.debug_weaknames)

.debug_funcnames
 *(.debug_funcnames)

.debug_typenames
 *(.debug_typenames)

.debug_varnames
 *(.debug_varnames)

/DISCARD/
 *(.note.GNU-stack)
LOAD obj/kern/entry.o
LOAD obj/kern/bootstrap.o
LOAD obj/kern/init.o
LOAD obj/kern/console.o
LOAD obj/kern/monitor.o
LOAD obj/kern/pmap.o
LOAD obj/kern/env.o
LOAD obj/kern/kclock.o
LOAD obj/kern/picirq.o
LOAD obj/kern/printf.o
LOAD obj/kern/trap.o
LOAD obj/kern/trapentry.o
LOAD obj/kern/sched.o
LOAD obj/kern/syscall.o
LOAD obj/kern/kdebug.o
LOAD obj/kern/printfmt.o
LOAD obj/kern/readline.o
LOAD obj/kern/string.o
LOAD obj/kern/libdwarf_rw.o
LOAD obj/kern/libdwarf_frame.o
LOAD obj/kern/libdwarf_lineno.o
LOAD obj/kern/elf_rw.o
LOAD obj/kern/mpentry.o
LOAD obj/kern/mpconfig.o
LOAD obj/kern/lapic.o
LOAD obj/kern/spinlock.o
LOAD /usr/lib/gcc/i686-linux-gnu/4.8/libgcc.a
TARGET(binary)
LOAD obj/user/hello
LOAD obj/user/buggyhello
LOAD obj/user/buggyhello2
LOAD obj/user/evilhello
LOAD obj/user/testbss
LOAD obj/user/divzero
LOAD obj/user/breakpoint
LOAD obj/user/softint
LOAD obj/user/badsegment
LOAD obj/user/faultread
LOAD obj/user/faultreadkernel
LOAD obj/user/faultwrite
LOAD obj/user/faultwritekernel
LOAD obj/user/idle
LOAD obj/user/yield
LOAD obj/user/dumbfork
LOAD obj/user/stresssched
LOAD obj/user/faultdie
LOAD obj/user/faultregs
LOAD obj/user/faultalloc
LOAD obj/user/faultallocbad
LOAD obj/user/faultnostack
LOAD obj/user/faultbadhandler
LOAD obj/user/faultevilhandler
LOAD obj/user/forktree
LOAD obj/user/sendpage
LOAD obj/user/spin
LOAD obj/user/fairness
LOAD obj/user/pingpong
LOAD obj/user/pingpongs
LOAD obj/user/primes
LOAD obj/user/testfile
LOAD obj/user/writemotd
LOAD obj/user/spawnhello
LOAD obj/user/icode
LOAD obj/fs/fs
LOAD obj/user/testpteshare
LOAD obj/user/testfdsharing
LOAD obj/user/testpipe
LOAD obj/user/testpiperace
LOAD obj/user/testpiperace2
LOAD obj/user/primespipe
LOAD obj/user/testkbd
LOAD obj/user/testshell
OUTPUT(obj/kern/kernel elf64-x86-64)

.debug_ranges   0x0000000000000000       0x30
 .debug_ranges  0x0000000000000000       0x30 obj/kern/env.o
