
Allocating common symbols
Common symbol       size              file

global_rules_shadow
                    0x630             obj/kern/libdwarf_frame.o
end_debug           0x8               obj/kern/init.o
mydebug             0x60              obj/kern/kdebug.o
panicstr            0x8               obj/kern/init.o
boot_cr3            0x8               obj/kern/pmap.o
global_std_op       0x200             obj/kern/libdwarf_lineno.o
_cie                0x78              obj/kern/kdebug.o
global_rules        0x630             obj/kern/libdwarf_frame.o
boot_pml4e          0x8               obj/kern/pmap.o
_fde                0x80              obj/kern/kdebug.o
npages              0x8               obj/kern/pmap.o
pages               0x8               obj/kern/pmap.o

Discarded input sections

 .note.GNU-stack
                0x0000000000000000        0x0 obj/kern/init.o
 .note.GNU-stack
                0x0000000000000000        0x0 obj/kern/console.o
 .note.GNU-stack
                0x0000000000000000        0x0 obj/kern/monitor.o
 .note.GNU-stack
                0x0000000000000000        0x0 obj/kern/pmap.o
 .note.GNU-stack
                0x0000000000000000        0x0 obj/kern/kclock.o
 .note.GNU-stack
                0x0000000000000000        0x0 obj/kern/printf.o
 .note.GNU-stack
                0x0000000000000000        0x0 obj/kern/syscall.o
 .note.GNU-stack
                0x0000000000000000        0x0 obj/kern/kdebug.o
 .note.GNU-stack
                0x0000000000000000        0x0 obj/kern/printfmt.o
 .note.GNU-stack
                0x0000000000000000        0x0 obj/kern/readline.o
 .note.GNU-stack
                0x0000000000000000        0x0 obj/kern/string.o
 .note.GNU-stack
                0x0000000000000000        0x0 obj/kern/libdwarf_rw.o
 .note.GNU-stack
                0x0000000000000000        0x0 obj/kern/libdwarf_frame.o
 .note.GNU-stack
                0x0000000000000000        0x0 obj/kern/libdwarf_lineno.o
 .note.GNU-stack
                0x0000000000000000        0x0 obj/kern/elf_rw.o

Memory Configuration

Name             Origin             Length             Attributes
*default*        0x0000000000000000 0xffffffffffffffff

Linker script and memory map

                0x0000000000100000                . = 0x100000

.bootstrap      0x0000000000100000     0x7004
 obj/kern/bootstrap.o(.text .data .bss)
 .text          0x0000000000100000      0x115 obj/kern/bootstrap.o
                0x0000000000100000                _head64
                0x00000000001000e5                jumpto_longmode
 *fill*         0x0000000000100115      0xeeb 
 .data          0x0000000000101000     0x6004 obj/kern/bootstrap.o
                0x0000000000102000                pml4phys
                0x0000000000107000                multiboot_info
 .bss           0x0000000000107004        0x0 obj/kern/bootstrap.o
                0x0000008004200000                . = 0x8004200000

.text           0x0000008004200000     0xe39f load address 0x0000000000200000
 *(EXCLUDE_FILE(obj/kern/bootstrap.o) .text .stub .text.* .gnu.linkonce.t.*)
 .text          0x0000008004200000       0x58 obj/kern/entry.o
                0x000000800420000c                entry
                0x000000000020000c                _start
 .text          0x0000008004200058      0x2d4 obj/kern/init.o
                0x0000008004200058                i386_init
                0x0000008004200114                _panic
                0x000000800420023f                _warn
 .text          0x000000800420032c      0xaf5 obj/kern/console.o
                0x00000080042003bc                serial_intr
                0x0000008004200bd7                kbd_intr
                0x0000008004200c82                cons_getc
                0x0000008004200d76                cons_init
                0x0000008004200dcf                cputchar
                0x0000008004200ded                getchar
                0x0000008004200e0f                iscons
 .text          0x0000008004200e21      0x4d7 obj/kern/monitor.o
                0x0000008004200e21                mon_help
                0x0000008004200eb8                mon_kerninfo
                0x0000008004201046                mon_backtrace
                0x0000008004201271                monitor
 .text          0x00000080042012f8     0x5065 obj/kern/pmap.o
                0x0000008004201e18                x64_vm_init
                0x000000800420222d                page_init
                0x0000008004202436                page_alloc
                0x00000080042024ef                page_free
                0x0000008004202565                page_decref
                0x00000080042025a6                pml4e_walk
                0x00000080042027f4                pdpe_walk
                0x0000008004202a42                pgdir_walk
                0x0000008004202d3c                page_insert
                0x0000008004202df5                page_lookup
                0x0000008004202e89                page_remove
                0x0000008004202f27                tlb_invalidate
 .text          0x000000800420635d       0x7c obj/kern/kclock.o
                0x000000800420635d                mc146818_read
                0x0000008004206399                mc146818_write
 .text          0x00000080042063d9      0x165 obj/kern/printf.o
                0x0000008004206407                vcprintf
                0x0000008004206466                cprintf
 .text          0x000000800420653e       0x4a obj/kern/syscall.o
                0x000000800420653e                syscall
 .text          0x0000008004206588      0xb56 obj/kern/kdebug.o
                0x0000008004206588                list_func_die
                0x0000008004206cee                debuginfo_rip
 .text          0x00000080042070de      0xa84 obj/kern/printfmt.o
                0x00000080042073b9                vprintfmt
                0x00000080042078e4                printfmt
                0x00000080042079e4                vsnprintf
                0x0000008004207a81                snprintf
 .text          0x0000008004207b62      0x14f obj/kern/readline.o
                0x0000008004207b62                readline
 .text          0x0000008004207cb1      0x7c5 obj/kern/string.o
                0x0000008004207cb1                strlen
                0x0000008004207cdf                strnlen
                0x0000008004207d1d                strcpy
                0x0000008004207d60                strcat
                0x0000008004207daf                strncpy
                0x0000008004207e0f                strlcpy
                0x0000008004207e7f                strcmp
                0x0000008004207ed2                strncmp
                0x0000008004207f43                strchr
                0x0000008004207f7f                strfind
                0x0000008004207fb6                memset
                0x0000008004208041                memmove
                0x0000008004208158                memcpy
                0x000000800420818c                memcmp
                0x0000008004208200                memfind
                0x0000008004208249                strtol
                0x00000080042083db                strstr
 .text          0x0000008004208476     0x1f4d obj/kern/libdwarf_rw.o
                0x0000008004208476                _dwarf_read_lsb
                0x00000080042085a2                _dwarf_decode_lsb
                0x00000080042086c3                _dwarf_read_msb
                0x0000008004208875                _dwarf_decode_msb
                0x0000008004208a24                _dwarf_read_sleb128
                0x0000008004208ac8                _dwarf_read_uleb128
                0x0000008004208b47                _dwarf_decode_sleb128
                0x0000008004208bd9                _dwarf_decode_uleb128
                0x0000008004208c46                _dwarf_read_string
                0x0000008004208cd5                _dwarf_read_block
                0x0000008004208d1e                _dwarf_elf_get_byte_order
                0x0000008004208d8c                _dwarf_elf_get_pointer_size
                0x0000008004208df6                _dwarf_init
                0x0000008004208ed8                _get_next_cu
                0x0000008004209073                print_cu
                0x00000080042090aa                _dwarf_abbrev_parse
                0x000000800420932d                _dwarf_abbrev_find
                0x000000800420945e                _dwarf_attr_init
                0x0000008004209aef                dwarf_search_die_within_cu
                0x0000008004209de8                dwarf_offdie
                0x0000008004209eeb                _dwarf_attr_find
                0x0000008004209f7e                dwarf_siblingof
                0x000000800420a1c2                dwarf_child
                0x000000800420a366                _dwarf_find_section_enhanced
 .text          0x000000800420a3c3     0x257f obj/kern/libdwarf_frame.o
                0x000000800420a3c3                _dwarf_frame_params_init
                0x000000800420a403                dwarf_get_fde_at_pc
                0x000000800420a4d5                _dwarf_frame_regtable_copy
                0x000000800420b482                _dwarf_frame_get_internal_table
                0x000000800420b70f                dwarf_get_fde_info_for_all_regs
                0x000000800420c5b1                _dwarf_frame_interal_table_init
                0x000000800420c86a                dwarf_set_frame_cfa_value
                0x000000800420c89a                dwarf_init_eh_section
 .text          0x000000800420c942      0xd4b obj/kern/libdwarf_lineno.o
                0x000000800420cf9e                _dwarf_lineno_init
                0x000000800420d512                dwarf_srclines
 .text          0x000000800420d68d      0xd12 obj/kern/elf_rw.o
                0x000000800420d68d                _dwarf_find_section
                0x000000800420d70d                find_debug_sections
                0x000000800420d9d6                read_section_headers
                0x000000800420e115                readseg
                0x000000800420e279                waitdisk
                0x000000800420e2a5                readsect
                0x000000800420e39f                PROVIDE (etext, .)

.iplt           0x000000800420e3a0        0x0 load address 0x000000000020e3a0
 .iplt          0x0000000000000000        0x0 obj/kern/bootstrap.o

.rodata         0x000000800420e3a0     0x1bef load address 0x000000000020e3a0
 *(EXCLUDE_FILE(obj/kern/bootstrap.o) .rodata .rodata.* .gnu.linkonce.r.*)
 .rodata        0x000000800420e3a0       0x4f obj/kern/init.o
 .rodata        0x000000800420e3ef       0x29 obj/kern/console.o
 .rodata        0x000000800420e418      0x1f9 obj/kern/monitor.o
 *fill*         0x000000800420e611        0x7 
 .rodata        0x000000800420e618      0xc8c obj/kern/pmap.o
 .rodata        0x000000800420f2a4       0x27 obj/kern/syscall.o
 *fill*         0x000000800420f2cb       0x15 
 .rodata        0x000000800420f2e0      0x385 obj/kern/kdebug.o
 *fill*         0x000000800420f665       0x1b 
 .rodata        0x000000800420f680      0x408 obj/kern/printfmt.o
 .rodata        0x000000800420fa88       0x13 obj/kern/readline.o
 *fill*         0x000000800420fa9b        0x5 
 .rodata        0x000000800420faa0      0x1ab obj/kern/libdwarf_rw.o
 *fill*         0x000000800420fc4b        0x5 
 .rodata        0x000000800420fc50      0x1d8 obj/kern/libdwarf_frame.o
 .rodata        0x000000800420fe28       0xc3 obj/kern/libdwarf_lineno.o
 .rodata        0x000000800420feeb       0xa4 obj/kern/elf_rw.o

.eh_frame       0x000000800420ff90     0x11b0 load address 0x000000000020ff90
 .eh_frame      0x000000800420ff90       0x78 obj/kern/init.o
                                         0x70 (size before relaxing)
 .eh_frame      0x0000008004210008      0x240 obj/kern/console.o
                                        0x258 (size before relaxing)
 .eh_frame      0x0000008004210248       0xa0 obj/kern/monitor.o
                                         0xb8 (size before relaxing)
 .eh_frame      0x00000080042102e8      0x3c8 obj/kern/pmap.o
                                        0x3d8 (size before relaxing)
 .eh_frame      0x00000080042106b0       0x40 obj/kern/kclock.o
                                         0x58 (size before relaxing)
 .eh_frame      0x00000080042106f0       0x60 obj/kern/printf.o
                                         0x78 (size before relaxing)
 .eh_frame      0x0000008004210750       0x20 obj/kern/syscall.o
                                         0x38 (size before relaxing)
 .eh_frame      0x0000008004210770       0x48 obj/kern/kdebug.o
                                         0x60 (size before relaxing)
 .eh_frame      0x00000080042107b8      0x118 obj/kern/printfmt.o
                                        0x128 (size before relaxing)
 .eh_frame      0x00000080042108d0       0x20 obj/kern/readline.o
                                         0x38 (size before relaxing)
 .eh_frame      0x00000080042108f0      0x220 obj/kern/string.o
                                        0x238 (size before relaxing)
 .eh_frame      0x0000008004210b10      0x308 obj/kern/libdwarf_rw.o
                                        0x320 (size before relaxing)
 .eh_frame      0x0000008004210e18      0x1d0 obj/kern/libdwarf_frame.o
                                        0x1e8 (size before relaxing)
 .eh_frame      0x0000008004210fe8       0x98 obj/kern/libdwarf_lineno.o
                                         0xb0 (size before relaxing)
 .eh_frame      0x0000008004211080       0xc0 obj/kern/elf_rw.o
                                         0xd8 (size before relaxing)

.rela.dyn       0x0000008004211140        0x0 load address 0x0000000000211140
 .rela.iplt     0x0000000000000000        0x0 obj/kern/bootstrap.o
 .rela.text     0x0000000000000000        0x0 obj/kern/bootstrap.o
 .rela.data     0x0000000000000000        0x0 obj/kern/bootstrap.o
                0x0000008004212000                . = ALIGN (0x1000)

.data           0x0000008004212000    0x106a0 load address 0x0000000000212000
 *(EXCLUDE_FILE(obj/kern/bootstrap.o) .data)
 .data          0x0000008004212000    0x10042 obj/kern/entry.o
                0x0000008004212000                bootstack
                0x0000008004222000                kernel_64
                0x0000008004222000                bootstacktop
                0x0000008004222038                gdtdesc_64
 .data          0x0000008004222042        0x0 obj/kern/init.o
 *fill*         0x0000008004222042       0x1e 
 .data          0x0000008004222060      0x520 obj/kern/console.o
 .data          0x0000008004222580       0x30 obj/kern/monitor.o
 .data          0x00000080042225b0        0x0 obj/kern/pmap.o
 .data          0x00000080042225b0        0x0 obj/kern/kclock.o
 .data          0x00000080042225b0        0x0 obj/kern/printf.o
 .data          0x00000080042225b0        0x0 obj/kern/syscall.o
 .data          0x00000080042225b0       0x18 obj/kern/kdebug.o
                0x00000080042225b0                fde
                0x00000080042225b8                cie
                0x00000080042225c0                dbg
 .data          0x00000080042225c8        0x0 obj/kern/printfmt.o
 .data          0x00000080042225c8        0x0 obj/kern/readline.o
 .data          0x00000080042225c8        0x0 obj/kern/string.o
 .data          0x00000080042225c8        0x0 obj/kern/libdwarf_rw.o
 *fill*         0x00000080042225c8       0x18 
 .data          0x00000080042225e0       0x20 obj/kern/libdwarf_frame.o
                0x00000080042225e0                debug_frame_sec
 .data          0x0000008004222600        0x0 obj/kern/libdwarf_lineno.o
 .data          0x0000008004222600       0xa0 obj/kern/elf_rw.o
                0x0000008004222600                section_info
                0x00000080042226a0                PROVIDE (edata, .)

.igot.plt       0x00000080042226a0        0x0 load address 0x00000000002226a0
 .igot.plt      0x0000000000000000        0x0 obj/kern/bootstrap.o

.bss            0x00000080042226a0     0x16e0 load address 0x00000000002226a0
 *(EXCLUDE_FILE(obj/kern/bootstrap.o) .bss)
 .bss           0x00000080042226a0        0x0 obj/kern/entry.o
 .bss           0x00000080042226a0        0x0 obj/kern/init.o
 .bss           0x00000080042226a0      0x22c obj/kern/console.o
 .bss           0x00000080042228cc        0x0 obj/kern/monitor.o
 *fill*         0x00000080042228cc        0x4 
 .bss           0x00000080042228d0       0x18 obj/kern/pmap.o
 .bss           0x00000080042228e8        0x0 obj/kern/kclock.o
 .bss           0x00000080042228e8        0x0 obj/kern/printf.o
 .bss           0x00000080042228e8        0x0 obj/kern/syscall.o
 .bss           0x00000080042228e8        0x8 obj/kern/kdebug.o
 .bss           0x00000080042228f0        0x0 obj/kern/printfmt.o
 *fill*         0x00000080042228f0       0x10 
 .bss           0x0000008004222900      0x400 obj/kern/readline.o
 .bss           0x0000008004222d00        0x0 obj/kern/string.o
 .bss           0x0000008004222d00        0x0 obj/kern/libdwarf_rw.o
 .bss           0x0000008004222d00       0x68 obj/kern/libdwarf_frame.o
                0x0000008004222d00                global_rt_table
                0x0000008004222d40                global_rt_table_shadow
 .bss           0x0000008004222d68        0x0 obj/kern/libdwarf_lineno.o
 .bss           0x0000008004222d68        0x0 obj/kern/elf_rw.o
 COMMON         0x0000008004222d68       0x10 obj/kern/init.o
                0x0000008004222d68                end_debug
                0x0000008004222d70                panicstr
 COMMON         0x0000008004222d78       0x20 obj/kern/pmap.o
                0x0000008004222d78                boot_cr3
                0x0000008004222d80                boot_pml4e
                0x0000008004222d88                npages
                0x0000008004222d90                pages
 *fill*         0x0000008004222d98        0x8 
 COMMON         0x0000008004222da0      0x160 obj/kern/kdebug.o
                0x0000008004222da0                mydebug
                0x0000008004222e00                _cie
                0x0000008004222e80                _fde
 COMMON         0x0000008004222f00      0xc70 obj/kern/libdwarf_frame.o
                0x0000008004222f00                global_rules_shadow
                0x0000008004223540                global_rules
 *fill*         0x0000008004223b70       0x10 
 COMMON         0x0000008004223b80      0x200 obj/kern/libdwarf_lineno.o
                0x0000008004223b80                global_std_op
                0x0000008004223d80                PROVIDE (end, .)

.debug
 *(.debug)

.line
 *(.line)

.debug_srcinfo
 *(.debug_srcinfo)

.debug_sfnames
 *(.debug_sfnames)

.debug_aranges  0x0000000000000000      0x330
 *(.debug_aranges)
 .debug_aranges
                0x0000000000000000       0x30 obj/kern/bootstrap.o
 .debug_aranges
                0x0000000000000030       0x30 obj/kern/entry.o
 .debug_aranges
                0x0000000000000060       0x30 obj/kern/init.o
 .debug_aranges
                0x0000000000000090       0x30 obj/kern/console.o
 .debug_aranges
                0x00000000000000c0       0x30 obj/kern/monitor.o
 .debug_aranges
                0x00000000000000f0       0x30 obj/kern/pmap.o
 .debug_aranges
                0x0000000000000120       0x30 obj/kern/kclock.o
 .debug_aranges
                0x0000000000000150       0x30 obj/kern/printf.o
 .debug_aranges
                0x0000000000000180       0x30 obj/kern/syscall.o
 .debug_aranges
                0x00000000000001b0       0x30 obj/kern/kdebug.o
 .debug_aranges
                0x00000000000001e0       0x30 obj/kern/printfmt.o
 .debug_aranges
                0x0000000000000210       0x30 obj/kern/readline.o
 .debug_aranges
                0x0000000000000240       0x30 obj/kern/string.o
 .debug_aranges
                0x0000000000000270       0x30 obj/kern/libdwarf_rw.o
 .debug_aranges
                0x00000000000002a0       0x30 obj/kern/libdwarf_frame.o
 .debug_aranges
                0x00000000000002d0       0x30 obj/kern/libdwarf_lineno.o
 .debug_aranges
                0x0000000000000300       0x30 obj/kern/elf_rw.o

.debug_pubnames
 *(.debug_pubnames)

.debug_info     0x0000000000000000     0xef38
 *(.debug_info .gnu.linkonce.wi.*)
 .debug_info    0x0000000000000000       0x67 obj/kern/bootstrap.o
 .debug_info    0x0000000000000067       0x63 obj/kern/entry.o
 .debug_info    0x00000000000000ca      0x3fa obj/kern/init.o
 .debug_info    0x00000000000004c4      0xf30 obj/kern/console.o
 .debug_info    0x00000000000013f4      0x5c5 obj/kern/monitor.o
 .debug_info    0x00000000000019b9     0x4d8c obj/kern/pmap.o
 .debug_info    0x0000000000006745      0x1f1 obj/kern/kclock.o
 .debug_info    0x0000000000006936      0x24d obj/kern/printf.o
 .debug_info    0x0000000000006b83      0x182 obj/kern/syscall.o
 .debug_info    0x0000000000006d05     0x13e9 obj/kern/kdebug.o
 .debug_info    0x00000000000080ee      0xa0c obj/kern/printfmt.o
 .debug_info    0x0000000000008afa      0x17c obj/kern/readline.o
 .debug_info    0x0000000000008c76      0x790 obj/kern/string.o
 .debug_info    0x0000000000009406     0x1fc4 obj/kern/libdwarf_rw.o
 .debug_info    0x000000000000b3ca     0x1c68 obj/kern/libdwarf_frame.o
 .debug_info    0x000000000000d032     0x1208 obj/kern/libdwarf_lineno.o
 .debug_info    0x000000000000e23a      0xcfe obj/kern/elf_rw.o

.debug_abbrev   0x0000000000000000     0x1cd4
 *(.debug_abbrev)
 .debug_abbrev  0x0000000000000000       0x14 obj/kern/bootstrap.o
 .debug_abbrev  0x0000000000000014       0x14 obj/kern/entry.o
 .debug_abbrev  0x0000000000000028      0x138 obj/kern/init.o
 .debug_abbrev  0x0000000000000160      0x2e5 obj/kern/console.o
 .debug_abbrev  0x0000000000000445      0x1bb obj/kern/monitor.o
 .debug_abbrev  0x0000000000000600      0x358 obj/kern/pmap.o
 .debug_abbrev  0x0000000000000958      0x10b obj/kern/kclock.o
 .debug_abbrev  0x0000000000000a63      0x110 obj/kern/printf.o
 .debug_abbrev  0x0000000000000b73       0x9a obj/kern/syscall.o
 .debug_abbrev  0x0000000000000c0d      0x28c obj/kern/kdebug.o
 .debug_abbrev  0x0000000000000e99      0x239 obj/kern/printfmt.o
 .debug_abbrev  0x00000000000010d2       0xcd obj/kern/readline.o
 .debug_abbrev  0x000000000000119f      0x166 obj/kern/string.o
 .debug_abbrev  0x0000000000001305      0x26a obj/kern/libdwarf_rw.o
 .debug_abbrev  0x000000000000156f      0x2c0 obj/kern/libdwarf_frame.o
 .debug_abbrev  0x000000000000182f      0x28a obj/kern/libdwarf_lineno.o
 .debug_abbrev  0x0000000000001ab9      0x21b obj/kern/elf_rw.o

.debug_line     0x0000000000000000     0x2665
 *(.debug_line)
 .debug_line    0x0000000000000000       0x99 obj/kern/bootstrap.o
 .debug_line    0x0000000000000099       0x51 obj/kern/entry.o
 .debug_line    0x00000000000000ea       0xca obj/kern/init.o
 .debug_line    0x00000000000001b4      0x287 obj/kern/console.o
 .debug_line    0x000000000000043b       0xe8 obj/kern/monitor.o
 .debug_line    0x0000000000000523      0xbee obj/kern/pmap.o
 .debug_line    0x0000000000001111       0x86 obj/kern/kclock.o
 .debug_line    0x0000000000001197       0x7f obj/kern/printf.o
 .debug_line    0x0000000000001216       0x5e obj/kern/syscall.o
 .debug_line    0x0000000000001274      0x188 obj/kern/kdebug.o
 .debug_line    0x00000000000013fc      0x285 obj/kern/printfmt.o
 .debug_line    0x0000000000001681       0x7a obj/kern/readline.o
 .debug_line    0x00000000000016fb      0x1e8 obj/kern/string.o
 .debug_line    0x00000000000018e3      0x45a obj/kern/libdwarf_rw.o
 .debug_line    0x0000000000001d3d      0x4f9 obj/kern/libdwarf_frame.o
 .debug_line    0x0000000000002236      0x206 obj/kern/libdwarf_lineno.o
 .debug_line    0x000000000000243c      0x229 obj/kern/elf_rw.o

.debug_frame
 *(.debug_frame)

.debug_str      0x0000000000000000     0x1da5
 *(.debug_str)
 .debug_str     0x0000000000000000      0x1f3 obj/kern/init.o
                                        0x22e (size before relaxing)
 .debug_str     0x00000000000001f3      0x160 obj/kern/console.o
                                        0x2bf (size before relaxing)
 .debug_str     0x0000000000000353       0x74 obj/kern/monitor.o
                                        0x1e9 (size before relaxing)
 .debug_str     0x00000000000003c7      0x512 obj/kern/pmap.o
                                        0x708 (size before relaxing)
 .debug_str     0x00000000000008d9       0x31 obj/kern/kclock.o
                                        0x18b (size before relaxing)
 .debug_str     0x000000000000090a       0x17 obj/kern/printf.o
                                        0x1c0 (size before relaxing)
 .debug_str     0x0000000000000921       0x21 obj/kern/syscall.o
                                        0x1ff (size before relaxing)
 .debug_str     0x0000000000000942      0x9ec obj/kern/kdebug.o
                                        0xc4e (size before relaxing)
 .debug_str     0x000000000000132e       0x99 obj/kern/printfmt.o
                                        0x30d (size before relaxing)
 .debug_str     0x00000000000013c7       0x27 obj/kern/readline.o
                                        0x116 (size before relaxing)
 .debug_str     0x00000000000013ee       0x9e obj/kern/string.o
                                        0x219 (size before relaxing)
 .debug_str     0x000000000000148c      0x2c8 obj/kern/libdwarf_rw.o
                                        0xc0f (size before relaxing)
 .debug_str     0x0000000000001754      0x2dd obj/kern/libdwarf_frame.o
                                        0xb68 (size before relaxing)
 .debug_str     0x0000000000001a31      0x1bd obj/kern/libdwarf_lineno.o
                                        0xbb6 (size before relaxing)
 .debug_str     0x0000000000001bee      0x1b7 obj/kern/elf_rw.o
                                        0x473 (size before relaxing)

.debug_loc      0x0000000000000000    0x13bcf
 *(.debug_loc)
 .debug_loc     0x0000000000000000      0x2b1 obj/kern/init.o
 .debug_loc     0x00000000000002b1     0x1c48 obj/kern/console.o
 .debug_loc     0x0000000000001ef9      0x699 obj/kern/monitor.o
 .debug_loc     0x0000000000002592     0x4db6 obj/kern/pmap.o
 .debug_loc     0x0000000000007348      0x27f obj/kern/kclock.o
 .debug_loc     0x00000000000075c7      0x2be obj/kern/printf.o
 .debug_loc     0x0000000000007885      0x196 obj/kern/syscall.o
 .debug_loc     0x0000000000007a1b      0xaac obj/kern/kdebug.o
 .debug_loc     0x00000000000084c7      0xe98 obj/kern/printfmt.o
 .debug_loc     0x000000000000935f      0x23b obj/kern/readline.o
 .debug_loc     0x000000000000959a     0x19a9 obj/kern/string.o
 .debug_loc     0x000000000000af43     0x346f obj/kern/libdwarf_rw.o
 .debug_loc     0x000000000000e3b2     0x2d67 obj/kern/libdwarf_frame.o
 .debug_loc     0x0000000000011119     0x155b obj/kern/libdwarf_lineno.o
 .debug_loc     0x0000000000012674     0x155b obj/kern/elf_rw.o

.comment        0x0000000000000000       0x2b
 .comment       0x0000000000000000       0x2b obj/kern/init.o
                                         0x2c (size before relaxing)
 .comment       0x0000000000000000       0x2c obj/kern/console.o
 .comment       0x0000000000000000       0x2c obj/kern/monitor.o
 .comment       0x0000000000000000       0x2c obj/kern/pmap.o
 .comment       0x0000000000000000       0x2c obj/kern/kclock.o
 .comment       0x0000000000000000       0x2c obj/kern/printf.o
 .comment       0x0000000000000000       0x2c obj/kern/syscall.o
 .comment       0x0000000000000000       0x2c obj/kern/kdebug.o
 .comment       0x0000000000000000       0x2c obj/kern/printfmt.o
 .comment       0x0000000000000000       0x2c obj/kern/readline.o
 .comment       0x0000000000000000       0x2c obj/kern/string.o
 .comment       0x0000000000000000       0x2c obj/kern/libdwarf_rw.o
 .comment       0x0000000000000000       0x2c obj/kern/libdwarf_frame.o
 .comment       0x0000000000000000       0x2c obj/kern/libdwarf_lineno.o
 .comment       0x0000000000000000       0x2c obj/kern/elf_rw.o

.debug_macinfo
 *(.debug_macinfo)

.debug_weaknames
 *(.debug_weaknames)

.debug_funcnames
 *(.debug_funcnames)

.debug_typenames
 *(.debug_typenames)

.debug_varnames
 *(.debug_varnames)

/DISCARD/
 *(.note.GNU-stack)
LOAD obj/kern/entry.o
LOAD obj/kern/bootstrap.o
LOAD obj/kern/init.o
LOAD obj/kern/console.o
LOAD obj/kern/monitor.o
LOAD obj/kern/pmap.o
LOAD obj/kern/kclock.o
LOAD obj/kern/printf.o
LOAD obj/kern/syscall.o
LOAD obj/kern/kdebug.o
LOAD obj/kern/printfmt.o
LOAD obj/kern/readline.o
LOAD obj/kern/string.o
LOAD obj/kern/libdwarf_rw.o
LOAD obj/kern/libdwarf_frame.o
LOAD obj/kern/libdwarf_lineno.o
LOAD obj/kern/elf_rw.o
LOAD /usr/lib/gcc/i686-linux-gnu/4.8/libgcc.a
TARGET(binary)
OUTPUT(obj/kern/kernel elf64-x86-64)
