
Allocating common symbols
Common symbol       size              file

global_rules_shadow
                    0x630             obj/kern/libdwarf_frame.o
end_debug           0x8               obj/kern/init.o
mydebug             0x60              obj/kern/kdebug.o
panicstr            0x8               obj/kern/init.o
global_std_op       0x200             obj/kern/libdwarf_lineno.o
_cie                0x78              obj/kern/kdebug.o
global_rules        0x630             obj/kern/libdwarf_frame.o
_fde                0x80              obj/kern/kdebug.o

Discarded input sections

 .note.GNU-stack
                0x0000000000000000        0x0 obj/kern/init.o
 .note.GNU-stack
                0x0000000000000000        0x0 obj/kern/console.o
 .note.GNU-stack
                0x0000000000000000        0x0 obj/kern/monitor.o
 .note.GNU-stack
                0x0000000000000000        0x0 obj/kern/printf.o
 .note.GNU-stack
                0x0000000000000000        0x0 obj/kern/syscall.o
 .note.GNU-stack
                0x0000000000000000        0x0 obj/kern/kdebug.o
 .note.GNU-stack
                0x0000000000000000        0x0 obj/kern/printfmt.o
 .note.GNU-stack
                0x0000000000000000        0x0 obj/kern/readline.o
 .note.GNU-stack
                0x0000000000000000        0x0 obj/kern/string.o
 .note.GNU-stack
                0x0000000000000000        0x0 obj/kern/libdwarf_rw.o
 .note.GNU-stack
                0x0000000000000000        0x0 obj/kern/libdwarf_frame.o
 .note.GNU-stack
                0x0000000000000000        0x0 obj/kern/libdwarf_lineno.o
 .note.GNU-stack
                0x0000000000000000        0x0 obj/kern/elf_rw.o

Memory Configuration

Name             Origin             Length             Attributes
*default*        0x0000000000000000 0xffffffffffffffff

Linker script and memory map

                0x0000000000100000                . = 0x100000

.bootstrap      0x0000000000100000     0x7004
 obj/kern/bootstrap.o(.text .data .bss)
 .text          0x0000000000100000      0x115 obj/kern/bootstrap.o
                0x0000000000100000                _head64
                0x00000000001000e5                jumpto_longmode
 *fill*         0x0000000000100115      0xeeb 
 .data          0x0000000000101000     0x6004 obj/kern/bootstrap.o
                0x0000000000102000                pml4phys
                0x0000000000107000                multiboot_info
 .bss           0x0000000000107004        0x0 obj/kern/bootstrap.o
                0x0000008004200000                . = 0x8004200000

.text           0x0000008004200000     0x94dc load address 0x0000000000200000
 *(EXCLUDE_FILE(obj/kern/bootstrap.o) .text .stub .text.* .gnu.linkonce.t.*)
 .text          0x0000008004200000       0x58 obj/kern/entry.o
                0x000000800420000c                entry
                0x000000000020000c                _start
 .text          0x0000008004200058      0x358 obj/kern/init.o
                0x0000008004200058                test_backtrace
                0x00000080042000dc                i386_init
                0x0000008004200198                _panic
                0x00000080042002c3                _warn
 .text          0x00000080042003b0      0xaf5 obj/kern/console.o
                0x0000008004200440                serial_intr
                0x0000008004200c5b                kbd_intr
                0x0000008004200d06                cons_getc
                0x0000008004200dfa                cons_init
                0x0000008004200e53                cputchar
                0x0000008004200e71                getchar
                0x0000008004200e93                iscons
 .text          0x0000008004200ea5      0x684 obj/kern/monitor.o
                0x0000008004200ea5                mon_help
                0x0000008004200f3c                mon_kerninfo
                0x00000080042010ca                mon_backtrace
                0x00000080042014a2                monitor
 .text          0x0000008004201529      0x165 obj/kern/printf.o
                0x0000008004201557                vcprintf
                0x00000080042015b6                cprintf
 .text          0x000000800420168e       0x4a obj/kern/syscall.o
                0x000000800420168e                syscall
 .text          0x00000080042016d8      0xb56 obj/kern/kdebug.o
                0x00000080042016d8                list_func_die
                0x0000008004201e3e                debuginfo_rip
 .text          0x000000800420222e      0xa71 obj/kern/printfmt.o
                0x0000008004202509                vprintfmt
                0x0000008004202a21                printfmt
                0x0000008004202b21                vsnprintf
                0x0000008004202bbe                snprintf
 .text          0x0000008004202c9f      0x14f obj/kern/readline.o
                0x0000008004202c9f                readline
 .text          0x0000008004202dee      0x7c5 obj/kern/string.o
                0x0000008004202dee                strlen
                0x0000008004202e1c                strnlen
                0x0000008004202e5a                strcpy
                0x0000008004202e9d                strcat
                0x0000008004202eec                strncpy
                0x0000008004202f4c                strlcpy
                0x0000008004202fbc                strcmp
                0x000000800420300f                strncmp
                0x0000008004203080                strchr
                0x00000080042030bc                strfind
                0x00000080042030f3                memset
                0x000000800420317e                memmove
                0x0000008004203295                memcpy
                0x00000080042032c9                memcmp
                0x000000800420333d                memfind
                0x0000008004203386                strtol
                0x0000008004203518                strstr
 .text          0x00000080042035b3     0x1f4d obj/kern/libdwarf_rw.o
                0x00000080042035b3                _dwarf_read_lsb
                0x00000080042036df                _dwarf_decode_lsb
                0x0000008004203800                _dwarf_read_msb
                0x00000080042039b2                _dwarf_decode_msb
                0x0000008004203b61                _dwarf_read_sleb128
                0x0000008004203c05                _dwarf_read_uleb128
                0x0000008004203c84                _dwarf_decode_sleb128
                0x0000008004203d16                _dwarf_decode_uleb128
                0x0000008004203d83                _dwarf_read_string
                0x0000008004203e12                _dwarf_read_block
                0x0000008004203e5b                _dwarf_elf_get_byte_order
                0x0000008004203ec9                _dwarf_elf_get_pointer_size
                0x0000008004203f33                _dwarf_init
                0x0000008004204015                _get_next_cu
                0x00000080042041b0                print_cu
                0x00000080042041e7                _dwarf_abbrev_parse
                0x000000800420446a                _dwarf_abbrev_find
                0x000000800420459b                _dwarf_attr_init
                0x0000008004204c2c                dwarf_search_die_within_cu
                0x0000008004204f25                dwarf_offdie
                0x0000008004205028                _dwarf_attr_find
                0x00000080042050bb                dwarf_siblingof
                0x00000080042052ff                dwarf_child
                0x00000080042054a3                _dwarf_find_section_enhanced
 .text          0x0000008004205500     0x257f obj/kern/libdwarf_frame.o
                0x0000008004205500                _dwarf_frame_params_init
                0x0000008004205540                dwarf_get_fde_at_pc
                0x0000008004205612                _dwarf_frame_regtable_copy
                0x00000080042065bf                _dwarf_frame_get_internal_table
                0x000000800420684c                dwarf_get_fde_info_for_all_regs
                0x00000080042076ee                _dwarf_frame_interal_table_init
                0x00000080042079a7                dwarf_set_frame_cfa_value
                0x00000080042079d7                dwarf_init_eh_section
 .text          0x0000008004207a7f      0xd4b obj/kern/libdwarf_lineno.o
                0x00000080042080db                _dwarf_lineno_init
                0x000000800420864f                dwarf_srclines
 .text          0x00000080042087ca      0xd12 obj/kern/elf_rw.o
                0x00000080042087ca                _dwarf_find_section
                0x000000800420884a                find_debug_sections
                0x0000008004208b13                read_section_headers
                0x0000008004209252                readseg
                0x00000080042093b6                waitdisk
                0x00000080042093e2                readsect
                0x00000080042094dc                PROVIDE (etext, .)

.iplt           0x00000080042094e0        0x0 load address 0x00000000002094e0
 .iplt          0x0000000000000000        0x0 obj/kern/bootstrap.o

.rodata         0x00000080042094e0      0xfef load address 0x00000000002094e0
 *(EXCLUDE_FILE(obj/kern/bootstrap.o) .rodata .rodata.* .gnu.linkonce.r.*)
 .rodata        0x00000080042094e0       0x86 obj/kern/init.o
 .rodata        0x0000008004209566       0x29 obj/kern/console.o
 *fill*         0x000000800420958f        0x1 
 .rodata        0x0000008004209590      0x251 obj/kern/monitor.o
 .rodata        0x00000080042097e1       0x27 obj/kern/syscall.o
 *fill*         0x0000008004209808       0x18 
 .rodata        0x0000008004209820      0x385 obj/kern/kdebug.o
 *fill*         0x0000008004209ba5       0x1b 
 .rodata        0x0000008004209bc0      0x408 obj/kern/printfmt.o
 .rodata        0x0000008004209fc8       0x13 obj/kern/readline.o
 *fill*         0x0000008004209fdb        0x5 
 .rodata        0x0000008004209fe0      0x1ab obj/kern/libdwarf_rw.o
 *fill*         0x000000800420a18b        0x5 
 .rodata        0x000000800420a190      0x1d8 obj/kern/libdwarf_frame.o
 .rodata        0x000000800420a368       0xc3 obj/kern/libdwarf_lineno.o
 .rodata        0x000000800420a42b       0xa4 obj/kern/elf_rw.o

.eh_frame       0x000000800420a4d0      0xdc8 load address 0x000000000020a4d0
 .eh_frame      0x000000800420a4d0       0x98 obj/kern/init.o
                                         0x90 (size before relaxing)
 .eh_frame      0x000000800420a568      0x240 obj/kern/console.o
                                        0x258 (size before relaxing)
 .eh_frame      0x000000800420a7a8       0xa0 obj/kern/monitor.o
                                         0xb8 (size before relaxing)
 .eh_frame      0x000000800420a848       0x60 obj/kern/printf.o
                                         0x78 (size before relaxing)
 .eh_frame      0x000000800420a8a8       0x20 obj/kern/syscall.o
                                         0x38 (size before relaxing)
 .eh_frame      0x000000800420a8c8       0x48 obj/kern/kdebug.o
                                         0x60 (size before relaxing)
 .eh_frame      0x000000800420a910      0x118 obj/kern/printfmt.o
                                        0x128 (size before relaxing)
 .eh_frame      0x000000800420aa28       0x20 obj/kern/readline.o
                                         0x38 (size before relaxing)
 .eh_frame      0x000000800420aa48      0x220 obj/kern/string.o
                                        0x238 (size before relaxing)
 .eh_frame      0x000000800420ac68      0x308 obj/kern/libdwarf_rw.o
                                        0x320 (size before relaxing)
 .eh_frame      0x000000800420af70      0x1d0 obj/kern/libdwarf_frame.o
                                        0x1e8 (size before relaxing)
 .eh_frame      0x000000800420b140       0x98 obj/kern/libdwarf_lineno.o
                                         0xb0 (size before relaxing)
 .eh_frame      0x000000800420b1d8       0xc0 obj/kern/elf_rw.o
                                         0xd8 (size before relaxing)

.rela.dyn       0x000000800420b298        0x0 load address 0x000000000020b298
 .rela.iplt     0x0000000000000000        0x0 obj/kern/bootstrap.o
 .rela.text     0x0000000000000000        0x0 obj/kern/bootstrap.o
 .rela.data     0x0000000000000000        0x0 obj/kern/bootstrap.o
                0x000000800420c000                . = ALIGN (0x1000)

.data           0x000000800420c000    0x106a0 load address 0x000000000020c000
 *(EXCLUDE_FILE(obj/kern/bootstrap.o) .data)
 .data          0x000000800420c000    0x10042 obj/kern/entry.o
                0x000000800420c000                bootstack
                0x000000800421c000                kernel_64
                0x000000800421c000                bootstacktop
                0x000000800421c038                gdtdesc_64
 .data          0x000000800421c042        0x0 obj/kern/init.o
 *fill*         0x000000800421c042       0x1e 
 .data          0x000000800421c060      0x520 obj/kern/console.o
 .data          0x000000800421c580       0x30 obj/kern/monitor.o
 .data          0x000000800421c5b0        0x0 obj/kern/printf.o
 .data          0x000000800421c5b0        0x0 obj/kern/syscall.o
 .data          0x000000800421c5b0       0x18 obj/kern/kdebug.o
                0x000000800421c5b0                fde
                0x000000800421c5b8                cie
                0x000000800421c5c0                dbg
 .data          0x000000800421c5c8        0x0 obj/kern/printfmt.o
 .data          0x000000800421c5c8        0x0 obj/kern/readline.o
 .data          0x000000800421c5c8        0x0 obj/kern/string.o
 .data          0x000000800421c5c8        0x0 obj/kern/libdwarf_rw.o
 *fill*         0x000000800421c5c8       0x18 
 .data          0x000000800421c5e0       0x20 obj/kern/libdwarf_frame.o
                0x000000800421c5e0                debug_frame_sec
 .data          0x000000800421c600        0x0 obj/kern/libdwarf_lineno.o
 .data          0x000000800421c600       0xa0 obj/kern/elf_rw.o
                0x000000800421c600                section_info
                0x000000800421c6a0                PROVIDE (edata, .)

.igot.plt       0x000000800421c6a0        0x0 load address 0x000000000021c6a0
 .igot.plt      0x0000000000000000        0x0 obj/kern/bootstrap.o

.bss            0x000000800421c6a0     0x16a0 load address 0x000000000021c6a0
 *(EXCLUDE_FILE(obj/kern/bootstrap.o) .bss)
 .bss           0x000000800421c6a0        0x0 obj/kern/entry.o
 .bss           0x000000800421c6a0        0x0 obj/kern/init.o
 .bss           0x000000800421c6a0      0x22c obj/kern/console.o
 .bss           0x000000800421c8cc        0x0 obj/kern/monitor.o
 .bss           0x000000800421c8cc        0x0 obj/kern/printf.o
 .bss           0x000000800421c8cc        0x0 obj/kern/syscall.o
 *fill*         0x000000800421c8cc        0x4 
 .bss           0x000000800421c8d0        0x8 obj/kern/kdebug.o
 .bss           0x000000800421c8d8        0x0 obj/kern/printfmt.o
 *fill*         0x000000800421c8d8        0x8 
 .bss           0x000000800421c8e0      0x400 obj/kern/readline.o
 .bss           0x000000800421cce0        0x0 obj/kern/string.o
 .bss           0x000000800421cce0        0x0 obj/kern/libdwarf_rw.o
 .bss           0x000000800421cce0       0x68 obj/kern/libdwarf_frame.o
                0x000000800421cce0                global_rt_table
                0x000000800421cd20                global_rt_table_shadow
 .bss           0x000000800421cd48        0x0 obj/kern/libdwarf_lineno.o
 .bss           0x000000800421cd48        0x0 obj/kern/elf_rw.o
 COMMON         0x000000800421cd48       0x10 obj/kern/init.o
                0x000000800421cd48                end_debug
                0x000000800421cd50                panicstr
 *fill*         0x000000800421cd58        0x8 
 COMMON         0x000000800421cd60      0x160 obj/kern/kdebug.o
                0x000000800421cd60                mydebug
                0x000000800421cdc0                _cie
                0x000000800421ce40                _fde
 COMMON         0x000000800421cec0      0xc70 obj/kern/libdwarf_frame.o
                0x000000800421cec0                global_rules_shadow
                0x000000800421d500                global_rules
 *fill*         0x000000800421db30       0x10 
 COMMON         0x000000800421db40      0x200 obj/kern/libdwarf_lineno.o
                0x000000800421db40                global_std_op
                0x000000800421dd40                PROVIDE (end, .)

.debug
 *(.debug)

.line
 *(.line)

.debug_srcinfo
 *(.debug_srcinfo)

.debug_sfnames
 *(.debug_sfnames)

.debug_aranges  0x0000000000000000      0x2d0
 *(.debug_aranges)
 .debug_aranges
                0x0000000000000000       0x30 obj/kern/bootstrap.o
 .debug_aranges
                0x0000000000000030       0x30 obj/kern/entry.o
 .debug_aranges
                0x0000000000000060       0x30 obj/kern/init.o
 .debug_aranges
                0x0000000000000090       0x30 obj/kern/console.o
 .debug_aranges
                0x00000000000000c0       0x30 obj/kern/monitor.o
 .debug_aranges
                0x00000000000000f0       0x30 obj/kern/printf.o
 .debug_aranges
                0x0000000000000120       0x30 obj/kern/syscall.o
 .debug_aranges
                0x0000000000000150       0x30 obj/kern/kdebug.o
 .debug_aranges
                0x0000000000000180       0x30 obj/kern/printfmt.o
 .debug_aranges
                0x00000000000001b0       0x30 obj/kern/readline.o
 .debug_aranges
                0x00000000000001e0       0x30 obj/kern/string.o
 .debug_aranges
                0x0000000000000210       0x30 obj/kern/libdwarf_rw.o
 .debug_aranges
                0x0000000000000240       0x30 obj/kern/libdwarf_frame.o
 .debug_aranges
                0x0000000000000270       0x30 obj/kern/libdwarf_lineno.o
 .debug_aranges
                0x00000000000002a0       0x30 obj/kern/elf_rw.o

.debug_pubnames
 *(.debug_pubnames)

.debug_info     0x0000000000000000     0x7180
 *(.debug_info .gnu.linkonce.wi.*)
 .debug_info    0x0000000000000000       0x67 obj/kern/bootstrap.o
 .debug_info    0x0000000000000067       0x63 obj/kern/entry.o
 .debug_info    0x00000000000000ca      0x288 obj/kern/init.o
 .debug_info    0x0000000000000352      0xca3 obj/kern/console.o
 .debug_info    0x0000000000000ff5      0x5da obj/kern/monitor.o
 .debug_info    0x00000000000015cf      0x1ec obj/kern/printf.o
 .debug_info    0x00000000000017bb      0x153 obj/kern/syscall.o
 .debug_info    0x000000000000190e      0xf76 obj/kern/kdebug.o
 .debug_info    0x0000000000002884      0x5ba obj/kern/printfmt.o
 .debug_info    0x0000000000002e3e       0xdc obj/kern/readline.o
 .debug_info    0x0000000000002f1a      0x6a6 obj/kern/string.o
 .debug_info    0x00000000000035c0     0x1425 obj/kern/libdwarf_rw.o
 .debug_info    0x00000000000049e5     0x1094 obj/kern/libdwarf_frame.o
 .debug_info    0x0000000000005a79      0xdf0 obj/kern/libdwarf_lineno.o
 .debug_info    0x0000000000006869      0x917 obj/kern/elf_rw.o

.debug_abbrev   0x0000000000000000     0x14b4
 *(.debug_abbrev)
 .debug_abbrev  0x0000000000000000       0x14 obj/kern/bootstrap.o
 .debug_abbrev  0x0000000000000014       0x14 obj/kern/entry.o
 .debug_abbrev  0x0000000000000028      0x10f obj/kern/init.o
 .debug_abbrev  0x0000000000000137      0x2c4 obj/kern/console.o
 .debug_abbrev  0x00000000000003fb      0x1b1 obj/kern/monitor.o
 .debug_abbrev  0x00000000000005ac       0xef obj/kern/printf.o
 .debug_abbrev  0x000000000000069b       0x85 obj/kern/syscall.o
 .debug_abbrev  0x0000000000000720      0x219 obj/kern/kdebug.o
 .debug_abbrev  0x0000000000000939      0x1bd obj/kern/printfmt.o
 .debug_abbrev  0x0000000000000af6       0x95 obj/kern/readline.o
 .debug_abbrev  0x0000000000000b8b      0x115 obj/kern/string.o
 .debug_abbrev  0x0000000000000ca0      0x1f8 obj/kern/libdwarf_rw.o
 .debug_abbrev  0x0000000000000e98      0x22a obj/kern/libdwarf_frame.o
 .debug_abbrev  0x00000000000010c2      0x223 obj/kern/libdwarf_lineno.o
 .debug_abbrev  0x00000000000012e5      0x1cf obj/kern/elf_rw.o

.debug_line     0x0000000000000000     0x1a1b
 *(.debug_line)
 .debug_line    0x0000000000000000       0x99 obj/kern/bootstrap.o
 .debug_line    0x0000000000000099       0x51 obj/kern/entry.o
 .debug_line    0x00000000000000ea       0xb5 obj/kern/init.o
 .debug_line    0x000000000000019f      0x287 obj/kern/console.o
 .debug_line    0x0000000000000426      0x14a obj/kern/monitor.o
 .debug_line    0x0000000000000570       0x7f obj/kern/printf.o
 .debug_line    0x00000000000005ef       0x5e obj/kern/syscall.o
 .debug_line    0x000000000000064d      0x188 obj/kern/kdebug.o
 .debug_line    0x00000000000007d5      0x282 obj/kern/printfmt.o
 .debug_line    0x0000000000000a57       0x7a obj/kern/readline.o
 .debug_line    0x0000000000000ad1      0x1e8 obj/kern/string.o
 .debug_line    0x0000000000000cb9      0x45a obj/kern/libdwarf_rw.o
 .debug_line    0x0000000000001113      0x4f9 obj/kern/libdwarf_frame.o
 .debug_line    0x000000000000160c      0x206 obj/kern/libdwarf_lineno.o
 .debug_line    0x0000000000001812      0x209 obj/kern/elf_rw.o

.debug_frame
 *(.debug_frame)

.debug_str      0x0000000000000000     0x18e6
 *(.debug_str)
 .debug_str     0x0000000000000000      0x1cb obj/kern/init.o
                                        0x1f9 (size before relaxing)
 .debug_str     0x00000000000001cb      0x169 obj/kern/console.o
                                        0x2b0 (size before relaxing)
 .debug_str     0x0000000000000334      0x164 obj/kern/monitor.o
                                        0x30c (size before relaxing)
 .debug_str     0x0000000000000498       0x17 obj/kern/printf.o
                                        0x1b1 (size before relaxing)
 .debug_str     0x00000000000004af       0xa2 obj/kern/syscall.o
                                        0x1f0 (size before relaxing)
 .debug_str     0x0000000000000551      0x917 obj/kern/kdebug.o
                                        0xc3f (size before relaxing)
 .debug_str     0x0000000000000e68       0x99 obj/kern/printfmt.o
                                        0x2ec (size before relaxing)
 .debug_str     0x0000000000000f01       0x27 obj/kern/readline.o
                                        0x107 (size before relaxing)
 .debug_str     0x0000000000000f28       0xa5 obj/kern/string.o
                                        0x20a (size before relaxing)
 .debug_str     0x0000000000000fcd      0x2c8 obj/kern/libdwarf_rw.o
                                        0xc00 (size before relaxing)
 .debug_str     0x0000000000001295      0x2dd obj/kern/libdwarf_frame.o
                                        0xb59 (size before relaxing)
 .debug_str     0x0000000000001572      0x1bd obj/kern/libdwarf_lineno.o
                                        0xba7 (size before relaxing)
 .debug_str     0x000000000000172f      0x1b7 obj/kern/elf_rw.o
                                        0x438 (size before relaxing)

.debug_loc      0x0000000000000000     0x27e4
 *(.debug_loc)
 .debug_loc     0x0000000000000000      0x158 obj/kern/init.o
 .debug_loc     0x0000000000000158      0x6c0 obj/kern/console.o
 .debug_loc     0x0000000000000818      0x1e0 obj/kern/monitor.o
 .debug_loc     0x00000000000009f8      0x120 obj/kern/printf.o
 .debug_loc     0x0000000000000b18       0x4c obj/kern/syscall.o
 .debug_loc     0x0000000000000b64       0xc0 obj/kern/kdebug.o
 .debug_loc     0x0000000000000c24      0x300 obj/kern/printfmt.o
 .debug_loc     0x0000000000000f24       0x60 obj/kern/readline.o
 .debug_loc     0x0000000000000f84      0x660 obj/kern/string.o
 .debug_loc     0x00000000000015e4      0x900 obj/kern/libdwarf_rw.o
 .debug_loc     0x0000000000001ee4      0x540 obj/kern/libdwarf_frame.o
 .debug_loc     0x0000000000002424      0x180 obj/kern/libdwarf_lineno.o
 .debug_loc     0x00000000000025a4      0x240 obj/kern/elf_rw.o

.comment        0x0000000000000000       0x2b
 .comment       0x0000000000000000       0x2b obj/kern/init.o
                                         0x2c (size before relaxing)
 .comment       0x0000000000000000       0x2c obj/kern/console.o
 .comment       0x0000000000000000       0x2c obj/kern/monitor.o
 .comment       0x0000000000000000       0x2c obj/kern/printf.o
 .comment       0x0000000000000000       0x2c obj/kern/syscall.o
 .comment       0x0000000000000000       0x2c obj/kern/kdebug.o
 .comment       0x0000000000000000       0x2c obj/kern/printfmt.o
 .comment       0x0000000000000000       0x2c obj/kern/readline.o
 .comment       0x0000000000000000       0x2c obj/kern/string.o
 .comment       0x0000000000000000       0x2c obj/kern/libdwarf_rw.o
 .comment       0x0000000000000000       0x2c obj/kern/libdwarf_frame.o
 .comment       0x0000000000000000       0x2c obj/kern/libdwarf_lineno.o
 .comment       0x0000000000000000       0x2c obj/kern/elf_rw.o

.debug_macinfo
 *(.debug_macinfo)

.debug_weaknames
 *(.debug_weaknames)

.debug_funcnames
 *(.debug_funcnames)

.debug_typenames
 *(.debug_typenames)

.debug_varnames
 *(.debug_varnames)

/DISCARD/
 *(.note.GNU-stack)
LOAD obj/kern/entry.o
LOAD obj/kern/bootstrap.o
LOAD obj/kern/init.o
LOAD obj/kern/console.o
LOAD obj/kern/monitor.o
LOAD obj/kern/printf.o
LOAD obj/kern/syscall.o
LOAD obj/kern/kdebug.o
LOAD obj/kern/printfmt.o
LOAD obj/kern/readline.o
LOAD obj/kern/string.o
LOAD obj/kern/libdwarf_rw.o
LOAD obj/kern/libdwarf_frame.o
LOAD obj/kern/libdwarf_lineno.o
LOAD obj/kern/elf_rw.o
LOAD /usr/lib/gcc/i686-linux-gnu/4.8/libgcc.a
TARGET(binary)
OUTPUT(obj/kern/kernel elf64-x86-64)
