
Allocating common symbols
Common symbol       size              file

global_rules_shadow
                    0x630             obj/kern/libdwarf_frame.o
ts                  0x68              obj/kern/trap.o
end_debug           0x8               obj/kern/init.o
mydebug             0x60              obj/kern/kdebug.o
panicstr            0x8               obj/kern/init.o
boot_cr3            0x8               obj/kern/pmap.o
global_std_op       0x200             obj/kern/libdwarf_lineno.o
_cie                0x78              obj/kern/kdebug.o
global_rules        0x630             obj/kern/libdwarf_frame.o
boot_pml4e          0x8               obj/kern/pmap.o
_fde                0x80              obj/kern/kdebug.o
npages              0x8               obj/kern/pmap.o
pages               0x8               obj/kern/pmap.o

Discarded input sections

 .note.GNU-stack
                0x0000000000000000        0x0 obj/kern/init.o
 .note.GNU-stack
                0x0000000000000000        0x0 obj/kern/console.o
 .note.GNU-stack
                0x0000000000000000        0x0 obj/kern/monitor.o
 .note.GNU-stack
                0x0000000000000000        0x0 obj/kern/pmap.o
 .note.GNU-stack
                0x0000000000000000        0x0 obj/kern/env.o
 .note.GNU-stack
                0x0000000000000000        0x0 obj/kern/kclock.o
 .note.GNU-stack
                0x0000000000000000        0x0 obj/kern/printf.o
 .note.GNU-stack
                0x0000000000000000        0x0 obj/kern/trap.o
 .note.GNU-stack
                0x0000000000000000        0x0 obj/kern/syscall.o
 .note.GNU-stack
                0x0000000000000000        0x0 obj/kern/kdebug.o
 .note.GNU-stack
                0x0000000000000000        0x0 obj/kern/printfmt.o
 .note.GNU-stack
                0x0000000000000000        0x0 obj/kern/readline.o
 .note.GNU-stack
                0x0000000000000000        0x0 obj/kern/string.o
 .note.GNU-stack
                0x0000000000000000        0x0 obj/kern/libdwarf_rw.o
 .note.GNU-stack
                0x0000000000000000        0x0 obj/kern/libdwarf_frame.o
 .note.GNU-stack
                0x0000000000000000        0x0 obj/kern/libdwarf_lineno.o
 .note.GNU-stack
                0x0000000000000000        0x0 obj/kern/elf_rw.o

Memory Configuration

Name             Origin             Length             Attributes
*default*        0x0000000000000000 0xffffffffffffffff

Linker script and memory map

                0x0000000000100000                . = 0x100000

.bootstrap      0x0000000000100000     0x7004
 obj/kern/bootstrap.o(.text .data .bss)
 .text          0x0000000000100000      0x115 obj/kern/bootstrap.o
                0x0000000000100000                _head64
                0x00000000001000e5                jumpto_longmode
 *fill*         0x0000000000100115      0xeeb 
 .data          0x0000000000101000     0x6004 obj/kern/bootstrap.o
                0x0000000000102000                pml4phys
                0x0000000000107000                multiboot_info
 .bss           0x0000000000107004        0x0 obj/kern/bootstrap.o
                0x0000008004200000                . = 0x8004200000

.text           0x0000008004200000    0x1189d load address 0x0000000000200000
 *(EXCLUDE_FILE(obj/kern/bootstrap.o) .text .stub .text.* .gnu.linkonce.t.*)
 .text          0x0000008004200000       0x58 obj/kern/entry.o
                0x000000800420000c                entry
                0x000000000020000c                _start
 .text          0x0000008004200058      0x310 obj/kern/init.o
                0x0000008004200058                i386_init
                0x0000008004200150                _panic
                0x000000800420027b                _warn
 .text          0x0000008004200368      0xaf5 obj/kern/console.o
                0x00000080042003f8                serial_intr
                0x0000008004200c13                kbd_intr
                0x0000008004200cbe                cons_getc
                0x0000008004200db2                cons_init
                0x0000008004200e0b                cputchar
                0x0000008004200e29                getchar
                0x0000008004200e4b                iscons
 .text          0x0000008004200e5d      0x4f1 obj/kern/monitor.o
                0x0000008004200e5d                mon_help
                0x0000008004200ef4                mon_kerninfo
                0x0000008004201082                mon_backtrace
                0x00000080042012ad                monitor
 .text          0x000000800420134e     0x520a obj/kern/pmap.o
                0x0000008004201e6c                x64_vm_init
                0x0000008004202330                page_init
                0x0000008004202603                page_alloc
                0x00000080042026be                page_free
                0x0000008004202734                page_decref
                0x0000008004202775                pml4e_walk
                0x00000080042028f4                pdpe_walk
                0x0000008004202a73                pgdir_walk
                0x0000008004202c8d                page_insert
                0x0000008004202d42                page_lookup
                0x0000008004202db9                page_remove
                0x0000008004202e3d                tlb_invalidate
                0x0000008004202e5e                user_mem_check
                0x0000008004202f7e                user_mem_assert
 .text          0x0000008004206558     0x1075 obj/kern/env.o
                0x000000800420669f                envid2env
                0x0000008004206793                env_init
                0x00000080042068ec                env_init_percpu
                0x0000008004206a2a                env_alloc
                0x0000008004206d3b                load_icode
                0x0000008004206eb5                env_create
                0x0000008004206f3f                env_free
                0x000000800420741b                env_destroy
                0x0000008004207468                env_pop_tf
                0x0000008004207501                env_run
 .text          0x00000080042075cd       0x7c obj/kern/kclock.o
                0x00000080042075cd                mc146818_read
                0x0000008004207609                mc146818_write
 .text          0x0000008004207649      0x165 obj/kern/printf.o
                0x0000008004207677                vcprintf
                0x00000080042076d6                cprintf
 .text          0x00000080042077ae     0x1fb9 obj/kern/trap.o
                0x00000080042077f5                trap_init
                0x0000008004208c41                trap_init_percpu
                0x0000008004208e7c                print_trapframe
                0x000000800420917f                print_regs
                0x00000080042094f4                trap
                0x000000800420969b                page_fault_handler
 *fill*         0x0000008004209767        0x1 
 .text          0x0000008004209768       0xd9 obj/kern/trapentry.o
                0x0000008004209768                DIVIDE_F
                0x000000800420976e                DEBUG_F
                0x0000008004209774                NMI_F
                0x000000800420977a                BRKPT_F
                0x0000008004209780                OFLOW_F
                0x0000008004209786                BOUND_F
                0x000000800420978c                ILLOP_F
                0x0000008004209792                DEVICE_F
                0x0000008004209798                DBLFLT_F
                0x000000800420979c                TSS_F
                0x00000080042097a0                SEGNP_F
                0x00000080042097a4                STACK_F
                0x00000080042097a8                GPFLT_F
                0x00000080042097ac                PGFLT_F
                0x00000080042097b0                FPERR_F
                0x00000080042097b6                ALIGN_F
                0x00000080042097ba                MCHK_F
                0x00000080042097c0                SIMDERR_F
                0x00000080042097c6                SYSCALL_F
                0x00000080042097cc                DEFAULT_F
 .text          0x0000008004209841      0x1ff obj/kern/syscall.o
                0x00000080042099a2                syscall
 .text          0x0000008004209a40      0xb9c obj/kern/kdebug.o
                0x0000008004209a40                list_func_die
                0x000000800420a1a6                debuginfo_rip
 .text          0x000000800420a5dc      0xa84 obj/kern/printfmt.o
                0x000000800420a8b7                vprintfmt
                0x000000800420ade2                printfmt
                0x000000800420aee2                vsnprintf
                0x000000800420af7f                snprintf
 .text          0x000000800420b060      0x14f obj/kern/readline.o
                0x000000800420b060                readline
 .text          0x000000800420b1af      0x7c5 obj/kern/string.o
                0x000000800420b1af                strlen
                0x000000800420b1dd                strnlen
                0x000000800420b21b                strcpy
                0x000000800420b25e                strcat
                0x000000800420b2ad                strncpy
                0x000000800420b30d                strlcpy
                0x000000800420b37d                strcmp
                0x000000800420b3d0                strncmp
                0x000000800420b441                strchr
                0x000000800420b47d                strfind
                0x000000800420b4b4                memset
                0x000000800420b53f                memmove
                0x000000800420b656                memcpy
                0x000000800420b68a                memcmp
                0x000000800420b6fe                memfind
                0x000000800420b747                strtol
                0x000000800420b8d9                strstr
 .text          0x000000800420b974     0x1f4d obj/kern/libdwarf_rw.o
                0x000000800420b974                _dwarf_read_lsb
                0x000000800420baa0                _dwarf_decode_lsb
                0x000000800420bbc1                _dwarf_read_msb
                0x000000800420bd73                _dwarf_decode_msb
                0x000000800420bf22                _dwarf_read_sleb128
                0x000000800420bfc6                _dwarf_read_uleb128
                0x000000800420c045                _dwarf_decode_sleb128
                0x000000800420c0d7                _dwarf_decode_uleb128
                0x000000800420c144                _dwarf_read_string
                0x000000800420c1d3                _dwarf_read_block
                0x000000800420c21c                _dwarf_elf_get_byte_order
                0x000000800420c28a                _dwarf_elf_get_pointer_size
                0x000000800420c2f4                _dwarf_init
                0x000000800420c3d6                _get_next_cu
                0x000000800420c571                print_cu
                0x000000800420c5a8                _dwarf_abbrev_parse
                0x000000800420c82b                _dwarf_abbrev_find
                0x000000800420c95c                _dwarf_attr_init
                0x000000800420cfed                dwarf_search_die_within_cu
                0x000000800420d2e6                dwarf_offdie
                0x000000800420d3e9                _dwarf_attr_find
                0x000000800420d47c                dwarf_siblingof
                0x000000800420d6c0                dwarf_child
                0x000000800420d864                _dwarf_find_section_enhanced
 .text          0x000000800420d8c1     0x257f obj/kern/libdwarf_frame.o
                0x000000800420d8c1                _dwarf_frame_params_init
                0x000000800420d901                dwarf_get_fde_at_pc
                0x000000800420d9d3                _dwarf_frame_regtable_copy
                0x000000800420e980                _dwarf_frame_get_internal_table
                0x000000800420ec0d                dwarf_get_fde_info_for_all_regs
                0x000000800420faaf                _dwarf_frame_interal_table_init
                0x000000800420fd68                dwarf_set_frame_cfa_value
                0x000000800420fd98                dwarf_init_eh_section
 .text          0x000000800420fe40      0xd4b obj/kern/libdwarf_lineno.o
                0x000000800421049c                _dwarf_lineno_init
                0x0000008004210a10                dwarf_srclines
 .text          0x0000008004210b8b      0xd12 obj/kern/elf_rw.o
                0x0000008004210b8b                _dwarf_find_section
                0x0000008004210c0b                find_debug_sections
                0x0000008004210ed4                read_section_headers
                0x0000008004211613                readseg
                0x0000008004211777                waitdisk
                0x00000080042117a3                readsect
                0x000000800421189d                PROVIDE (etext, .)

.iplt           0x00000080042118a0        0x0 load address 0x00000000002118a0
 .iplt          0x0000000000000000        0x0 obj/kern/bootstrap.o

.rodata         0x00000080042118a0     0x228f load address 0x00000000002118a0
 *(EXCLUDE_FILE(obj/kern/bootstrap.o) .rodata .rodata.* .gnu.linkonce.r.*)
 .rodata        0x00000080042118a0       0x4f obj/kern/init.o
 .rodata        0x00000080042118ef       0x29 obj/kern/console.o
 .rodata        0x0000008004211918      0x1f9 obj/kern/monitor.o
 *fill*         0x0000008004211b11        0x7 
 .rodata        0x0000008004211b18      0xd34 obj/kern/pmap.o
 *fill*         0x000000800421284c        0x4 
 .rodata        0x0000008004212850      0x11a obj/kern/env.o
 *fill*         0x000000800421296a       0x16 
 .rodata        0x0000008004212980      0x4e0 obj/kern/trap.o
 .rodata        0x0000008004212e60       0x38 obj/kern/syscall.o
 *fill*         0x0000008004212e98        0x8 
 .rodata        0x0000008004212ea0      0x378 obj/kern/kdebug.o
 *fill*         0x0000008004213218        0x8 
 .rodata        0x0000008004213220      0x408 obj/kern/printfmt.o
 .rodata        0x0000008004213628       0x13 obj/kern/readline.o
 *fill*         0x000000800421363b        0x5 
 .rodata        0x0000008004213640      0x1ab obj/kern/libdwarf_rw.o
 *fill*         0x00000080042137eb        0x5 
 .rodata        0x00000080042137f0      0x1d8 obj/kern/libdwarf_frame.o
 .rodata        0x00000080042139c8       0xc3 obj/kern/libdwarf_lineno.o
 .rodata        0x0000008004213a8b       0xa4 obj/kern/elf_rw.o

.eh_frame       0x0000008004213b30     0x1560 load address 0x0000000000213b30
 .eh_frame      0x0000008004213b30       0x78 obj/kern/init.o
                                         0x70 (size before relaxing)
 .eh_frame      0x0000008004213ba8      0x240 obj/kern/console.o
                                        0x258 (size before relaxing)
 .eh_frame      0x0000008004213de8       0xa0 obj/kern/monitor.o
                                         0xb8 (size before relaxing)
 .eh_frame      0x0000008004213e88      0x3e8 obj/kern/pmap.o
                                        0x3f8 (size before relaxing)
 .eh_frame      0x0000008004214270      0x210 obj/kern/env.o
                                        0x218 (size before relaxing)
 .eh_frame      0x0000008004214480       0x40 obj/kern/kclock.o
                                         0x58 (size before relaxing)
 .eh_frame      0x00000080042144c0       0x60 obj/kern/printf.o
                                         0x78 (size before relaxing)
 .eh_frame      0x0000008004214520      0x100 obj/kern/trap.o
                                        0x118 (size before relaxing)
 .eh_frame      0x0000008004214620       0xa0 obj/kern/syscall.o
                                         0xb8 (size before relaxing)
 .eh_frame      0x00000080042146c0       0x48 obj/kern/kdebug.o
                                         0x60 (size before relaxing)
 .eh_frame      0x0000008004214708      0x118 obj/kern/printfmt.o
                                        0x128 (size before relaxing)
 .eh_frame      0x0000008004214820       0x20 obj/kern/readline.o
                                         0x38 (size before relaxing)
 .eh_frame      0x0000008004214840      0x220 obj/kern/string.o
                                        0x238 (size before relaxing)
 .eh_frame      0x0000008004214a60      0x308 obj/kern/libdwarf_rw.o
                                        0x320 (size before relaxing)
 .eh_frame      0x0000008004214d68      0x1d0 obj/kern/libdwarf_frame.o
                                        0x1e8 (size before relaxing)
 .eh_frame      0x0000008004214f38       0x98 obj/kern/libdwarf_lineno.o
                                         0xb0 (size before relaxing)
 .eh_frame      0x0000008004214fd0       0xc0 obj/kern/elf_rw.o
                                         0xd8 (size before relaxing)

.rela.dyn       0x0000008004215090        0x0 load address 0x0000000000215090
 .rela.iplt     0x0000000000000000        0x0 obj/kern/bootstrap.o
 .rela.text     0x0000000000000000        0x0 obj/kern/bootstrap.o
 .rela.data     0x0000000000000000        0x0 obj/kern/bootstrap.o
                0x0000008004216000                . = ALIGN (0x1000)

.data           0x0000008004216000    0xa5f31 load address 0x0000000000216000
 *(EXCLUDE_FILE(obj/kern/bootstrap.o) .data)
 .data          0x0000008004216000    0x10042 obj/kern/entry.o
                0x0000008004216000                bootstack
                0x0000008004226000                kernel_64
                0x0000008004226000                bootstacktop
                0x0000008004226038                gdtdesc_64
 .data          0x0000008004226042        0x0 obj/kern/init.o
 *fill*         0x0000008004226042       0x1e 
 .data          0x0000008004226060      0x520 obj/kern/console.o
 .data          0x0000008004226580       0x30 obj/kern/monitor.o
 .data          0x00000080042265b0        0x0 obj/kern/pmap.o
 *fill*         0x00000080042265b0       0x10 
 .data          0x00000080042265c0       0x42 obj/kern/env.o
                0x00000080042265c0                gdt
                0x00000080042265f8                gdt_pd
 .data          0x0000008004226602        0x0 obj/kern/kclock.o
 .data          0x0000008004226602        0x0 obj/kern/printf.o
 .data          0x0000008004226602        0x0 obj/kern/trap.o
 .data          0x0000008004226602        0x0 obj/kern/trapentry.o
 .data          0x0000008004226602        0x0 obj/kern/syscall.o
 *fill*         0x0000008004226602        0x6 
 .data          0x0000008004226608       0x18 obj/kern/kdebug.o
                0x0000008004226608                fde
                0x0000008004226610                cie
                0x0000008004226618                dbg
 .data          0x0000008004226620        0x0 obj/kern/printfmt.o
 .data          0x0000008004226620        0x0 obj/kern/readline.o
 .data          0x0000008004226620        0x0 obj/kern/string.o
 .data          0x0000008004226620        0x0 obj/kern/libdwarf_rw.o
 .data          0x0000008004226620       0x20 obj/kern/libdwarf_frame.o
                0x0000008004226620                debug_frame_sec
 .data          0x0000008004226640        0x0 obj/kern/libdwarf_lineno.o
 .data          0x0000008004226640       0xa0 obj/kern/elf_rw.o
                0x0000008004226640                section_info
 .data          0x00000080042266e0     0xbbe8 obj/user/hello
                0x00000080042266e0                _binary_obj_user_hello_start
                0x00000080042322c8                _binary_obj_user_hello_end
 .data          0x00000080042322c8     0xb7d5 obj/user/buggyhello
                0x00000080042322c8                _binary_obj_user_buggyhello_start
                0x000000800423da9d                _binary_obj_user_buggyhello_end
 .data          0x000000800423da9d     0xb83c obj/user/buggyhello2
                0x000000800423da9d                _binary_obj_user_buggyhello2_start
                0x00000080042492d9                _binary_obj_user_buggyhello2_end
 .data          0x00000080042492d9     0xb7e4 obj/user/evilhello
                0x00000080042492d9                _binary_obj_user_evilhello_start
                0x0000008004254abd                _binary_obj_user_evilhello_end
 .data          0x0000008004254abd     0xb93b obj/user/testbss
                0x0000008004254abd                _binary_obj_user_testbss_start
                0x00000080042603f8                _binary_obj_user_testbss_end
 .data          0x00000080042603f8     0xb81f obj/user/divzero
                0x00000080042603f8                _binary_obj_user_divzero_start
                0x000000800426bc17                _binary_obj_user_divzero_end
 .data          0x000000800426bc17     0xb70d obj/user/breakpoint
                0x000000800426bc17                _binary_obj_user_breakpoint_start
                0x0000008004277324                _binary_obj_user_breakpoint_end
 .data          0x0000008004277324     0xb70a obj/user/softint
                0x0000008004277324                _binary_obj_user_softint_start
                0x0000008004282a2e                _binary_obj_user_softint_end
 .data          0x0000008004282a2e     0xb70d obj/user/badsegment
                0x0000008004282a2e                _binary_obj_user_badsegment_start
                0x000000800428e13b                _binary_obj_user_badsegment_end
 .data          0x000000800428e13b     0xb7d4 obj/user/faultread
                0x000000800428e13b                _binary_obj_user_faultread_start
                0x000000800429990f                _binary_obj_user_faultread_end
 .data          0x000000800429990f     0xb7ea obj/user/faultreadkernel
                0x000000800429990f                _binary_obj_user_faultreadkernel_start
                0x00000080042a50f9                _binary_obj_user_faultreadkernel_end
 .data          0x00000080042a50f9     0xb70d obj/user/faultwrite
                0x00000080042a50f9                _binary_obj_user_faultwrite_start
                0x00000080042b0806                _binary_obj_user_faultwrite_end
 .data          0x00000080042b0806     0xb72b obj/user/faultwritekernel
                0x00000080042b0806                _binary_obj_user_faultwritekernel_start
                0x00000080042bbf31                _binary_obj_user_faultwritekernel_end
                0x00000080042bbf31                PROVIDE (edata, .)

.igot.plt       0x00000080042bbf38        0x0 load address 0x00000000002bbf38
 .igot.plt      0x0000000000000000        0x0 obj/kern/bootstrap.o

.bss            0x00000080042bbf40     0x27a0 load address 0x00000000002bbf40
 *(EXCLUDE_FILE(obj/kern/bootstrap.o) .bss)
 .bss           0x00000080042bbf40        0x0 obj/kern/entry.o
 .bss           0x00000080042bbf40        0x0 obj/kern/init.o
 .bss           0x00000080042bbf40      0x22c obj/kern/console.o
 .bss           0x00000080042bc16c        0x0 obj/kern/monitor.o
 *fill*         0x00000080042bc16c        0x4 
 .bss           0x00000080042bc170       0x20 obj/kern/pmap.o
 .bss           0x00000080042bc190       0x18 obj/kern/env.o
                0x00000080042bc190                envs
                0x00000080042bc198                curenv
 .bss           0x00000080042bc1a8        0x0 obj/kern/kclock.o
 .bss           0x00000080042bc1a8        0x0 obj/kern/printf.o
 *fill*         0x00000080042bc1a8       0x18 
 .bss           0x00000080042bc1c0     0x1018 obj/kern/trap.o
                0x00000080042bc1c0                idt
                0x00000080042bd1c0                idt_pd
 .bss           0x00000080042bd1d8        0x0 obj/kern/trapentry.o
 .bss           0x00000080042bd1d8        0x0 obj/kern/syscall.o
 .bss           0x00000080042bd1d8        0x8 obj/kern/kdebug.o
 .bss           0x00000080042bd1e0        0x0 obj/kern/printfmt.o
 .bss           0x00000080042bd1e0      0x400 obj/kern/readline.o
 .bss           0x00000080042bd5e0        0x0 obj/kern/string.o
 .bss           0x00000080042bd5e0        0x0 obj/kern/libdwarf_rw.o
 .bss           0x00000080042bd5e0       0x68 obj/kern/libdwarf_frame.o
                0x00000080042bd5e0                global_rt_table
                0x00000080042bd620                global_rt_table_shadow
 .bss           0x00000080042bd648        0x0 obj/kern/libdwarf_lineno.o
 .bss           0x00000080042bd648        0x0 obj/kern/elf_rw.o
 COMMON         0x00000080042bd648       0x10 obj/kern/init.o
                0x00000080042bd648                end_debug
                0x00000080042bd650                panicstr
 COMMON         0x00000080042bd658       0x20 obj/kern/pmap.o
                0x00000080042bd658                boot_cr3
                0x00000080042bd660                boot_pml4e
                0x00000080042bd668                npages
                0x00000080042bd670                pages
 *fill*         0x00000080042bd678        0x8 
 COMMON         0x00000080042bd680       0x68 obj/kern/trap.o
                0x00000080042bd680                ts
 *fill*         0x00000080042bd6e8       0x18 
 COMMON         0x00000080042bd700      0x160 obj/kern/kdebug.o
                0x00000080042bd700                mydebug
                0x00000080042bd760                _cie
                0x00000080042bd7e0                _fde
 COMMON         0x00000080042bd860      0xc70 obj/kern/libdwarf_frame.o
                0x00000080042bd860                global_rules_shadow
                0x00000080042bdea0                global_rules
 *fill*         0x00000080042be4d0       0x10 
 COMMON         0x00000080042be4e0      0x200 obj/kern/libdwarf_lineno.o
                0x00000080042be4e0                global_std_op
                0x00000080042be6e0                PROVIDE (end, .)

.debug
 *(.debug)

.line
 *(.line)

.debug_srcinfo
 *(.debug_srcinfo)

.debug_sfnames
 *(.debug_sfnames)

.debug_aranges  0x0000000000000000      0x3c0
 *(.debug_aranges)
 .debug_aranges
                0x0000000000000000       0x30 obj/kern/bootstrap.o
 .debug_aranges
                0x0000000000000030       0x30 obj/kern/entry.o
 .debug_aranges
                0x0000000000000060       0x30 obj/kern/init.o
 .debug_aranges
                0x0000000000000090       0x30 obj/kern/console.o
 .debug_aranges
                0x00000000000000c0       0x30 obj/kern/monitor.o
 .debug_aranges
                0x00000000000000f0       0x30 obj/kern/pmap.o
 .debug_aranges
                0x0000000000000120       0x30 obj/kern/env.o
 .debug_aranges
                0x0000000000000150       0x30 obj/kern/kclock.o
 .debug_aranges
                0x0000000000000180       0x30 obj/kern/printf.o
 .debug_aranges
                0x00000000000001b0       0x30 obj/kern/trap.o
 .debug_aranges
                0x00000000000001e0       0x30 obj/kern/trapentry.o
 .debug_aranges
                0x0000000000000210       0x30 obj/kern/syscall.o
 .debug_aranges
                0x0000000000000240       0x30 obj/kern/kdebug.o
 .debug_aranges
                0x0000000000000270       0x30 obj/kern/printfmt.o
 .debug_aranges
                0x00000000000002a0       0x30 obj/kern/readline.o
 .debug_aranges
                0x00000000000002d0       0x30 obj/kern/string.o
 .debug_aranges
                0x0000000000000300       0x30 obj/kern/libdwarf_rw.o
 .debug_aranges
                0x0000000000000330       0x30 obj/kern/libdwarf_frame.o
 .debug_aranges
                0x0000000000000360       0x30 obj/kern/libdwarf_lineno.o
 .debug_aranges
                0x0000000000000390       0x30 obj/kern/elf_rw.o

.debug_pubnames
 *(.debug_pubnames)

.debug_info     0x0000000000000000    0x128d1
 *(.debug_info .gnu.linkonce.wi.*)
 .debug_info    0x0000000000000000       0x67 obj/kern/bootstrap.o
 .debug_info    0x0000000000000067       0x63 obj/kern/entry.o
 .debug_info    0x00000000000000ca      0x75c obj/kern/init.o
 .debug_info    0x0000000000000826      0xf30 obj/kern/console.o
 .debug_info    0x0000000000001756      0x7eb obj/kern/monitor.o
 .debug_info    0x0000000000001f41     0x5352 obj/kern/pmap.o
 .debug_info    0x0000000000007293     0x1452 obj/kern/env.o
 .debug_info    0x00000000000086e5      0x1f1 obj/kern/kclock.o
 .debug_info    0x00000000000088d6      0x24d obj/kern/printf.o
 .debug_info    0x0000000000008b23     0x1102 obj/kern/trap.o
 .debug_info    0x0000000000009c25       0x67 obj/kern/trapentry.o
 .debug_info    0x0000000000009c8c      0x6f4 obj/kern/syscall.o
 .debug_info    0x000000000000a380     0x1707 obj/kern/kdebug.o
 .debug_info    0x000000000000ba87      0xa0c obj/kern/printfmt.o
 .debug_info    0x000000000000c493      0x17c obj/kern/readline.o
 .debug_info    0x000000000000c60f      0x790 obj/kern/string.o
 .debug_info    0x000000000000cd9f     0x1fc4 obj/kern/libdwarf_rw.o
 .debug_info    0x000000000000ed63     0x1c68 obj/kern/libdwarf_frame.o
 .debug_info    0x00000000000109cb     0x1208 obj/kern/libdwarf_lineno.o
 .debug_info    0x0000000000011bd3      0xcfe obj/kern/elf_rw.o

.debug_abbrev   0x0000000000000000     0x2478
 *(.debug_abbrev)
 .debug_abbrev  0x0000000000000000       0x14 obj/kern/bootstrap.o
 .debug_abbrev  0x0000000000000014       0x14 obj/kern/entry.o
 .debug_abbrev  0x0000000000000028      0x179 obj/kern/init.o
 .debug_abbrev  0x00000000000001a1      0x2e5 obj/kern/console.o
 .debug_abbrev  0x0000000000000486      0x1b2 obj/kern/monitor.o
 .debug_abbrev  0x0000000000000638      0x36d obj/kern/pmap.o
 .debug_abbrev  0x00000000000009a5      0x325 obj/kern/env.o
 .debug_abbrev  0x0000000000000cca      0x10b obj/kern/kclock.o
 .debug_abbrev  0x0000000000000dd5      0x110 obj/kern/printf.o
 .debug_abbrev  0x0000000000000ee5      0x2f7 obj/kern/trap.o
 .debug_abbrev  0x00000000000011dc       0x14 obj/kern/trapentry.o
 .debug_abbrev  0x00000000000011f0      0x19b obj/kern/syscall.o
 .debug_abbrev  0x000000000000138b      0x2b2 obj/kern/kdebug.o
 .debug_abbrev  0x000000000000163d      0x239 obj/kern/printfmt.o
 .debug_abbrev  0x0000000000001876       0xcd obj/kern/readline.o
 .debug_abbrev  0x0000000000001943      0x166 obj/kern/string.o
 .debug_abbrev  0x0000000000001aa9      0x26a obj/kern/libdwarf_rw.o
 .debug_abbrev  0x0000000000001d13      0x2c0 obj/kern/libdwarf_frame.o
 .debug_abbrev  0x0000000000001fd3      0x28a obj/kern/libdwarf_lineno.o
 .debug_abbrev  0x000000000000225d      0x21b obj/kern/elf_rw.o

.debug_line     0x0000000000000000     0x2d7b
 *(.debug_line)
 .debug_line    0x0000000000000000       0x99 obj/kern/bootstrap.o
 .debug_line    0x0000000000000099       0x51 obj/kern/entry.o
 .debug_line    0x00000000000000ea       0xe6 obj/kern/init.o
 .debug_line    0x00000000000001d0      0x287 obj/kern/console.o
 .debug_line    0x0000000000000457       0xf5 obj/kern/monitor.o
 .debug_line    0x000000000000054c      0xc82 obj/kern/pmap.o
 .debug_line    0x00000000000011ce      0x30b obj/kern/env.o
 .debug_line    0x00000000000014d9       0x86 obj/kern/kclock.o
 .debug_line    0x000000000000155f       0x7f obj/kern/printf.o
 .debug_line    0x00000000000015de      0x236 obj/kern/trap.o
 .debug_line    0x0000000000001814       0x64 obj/kern/trapentry.o
 .debug_line    0x0000000000001878       0xd7 obj/kern/syscall.o
 .debug_line    0x000000000000194f      0x1c3 obj/kern/kdebug.o
 .debug_line    0x0000000000001b12      0x285 obj/kern/printfmt.o
 .debug_line    0x0000000000001d97       0x7a obj/kern/readline.o
 .debug_line    0x0000000000001e11      0x1e8 obj/kern/string.o
 .debug_line    0x0000000000001ff9      0x45a obj/kern/libdwarf_rw.o
 .debug_line    0x0000000000002453      0x4f9 obj/kern/libdwarf_frame.o
 .debug_line    0x000000000000294c      0x206 obj/kern/libdwarf_lineno.o
 .debug_line    0x0000000000002b52      0x229 obj/kern/elf_rw.o

.debug_frame
 *(.debug_frame)

.debug_str      0x0000000000000000     0x240a
 *(.debug_str)
 .debug_str     0x0000000000000000      0x3e1 obj/kern/init.o
                                        0x424 (size before relaxing)
 .debug_str     0x00000000000003e1      0x14f obj/kern/console.o
                                        0x2bf (size before relaxing)
 .debug_str     0x0000000000000530       0x63 obj/kern/monitor.o
                                        0x32d (size before relaxing)
 .debug_str     0x0000000000000593      0x540 obj/kern/pmap.o
                                        0x92e (size before relaxing)
 .debug_str     0x0000000000000ad3      0x29b obj/kern/env.o
                                        0x75c (size before relaxing)
 .debug_str     0x0000000000000d6e       0x31 obj/kern/kclock.o
                                        0x18b (size before relaxing)
 .debug_str     0x0000000000000d9f       0x17 obj/kern/printf.o
                                        0x1c0 (size before relaxing)
 .debug_str     0x0000000000000db6      0x1d5 obj/kern/trap.o
                                        0x632 (size before relaxing)
 .debug_str     0x0000000000000f8b       0x8d obj/kern/syscall.o
                                        0x48c (size before relaxing)
 .debug_str     0x0000000000001018      0x9ec obj/kern/kdebug.o
                                        0xe49 (size before relaxing)
 .debug_str     0x0000000000001a04       0x99 obj/kern/printfmt.o
                                        0x30d (size before relaxing)
 .debug_str     0x0000000000001a9d       0x27 obj/kern/readline.o
                                        0x116 (size before relaxing)
 .debug_str     0x0000000000001ac4       0x9e obj/kern/string.o
                                        0x219 (size before relaxing)
 .debug_str     0x0000000000001b62      0x262 obj/kern/libdwarf_rw.o
                                        0xc0f (size before relaxing)
 .debug_str     0x0000000000001dc4      0x2d2 obj/kern/libdwarf_frame.o
                                        0xb68 (size before relaxing)
 .debug_str     0x0000000000002096      0x1bd obj/kern/libdwarf_lineno.o
                                        0xbb6 (size before relaxing)
 .debug_str     0x0000000000002253      0x1b7 obj/kern/elf_rw.o
                                        0x473 (size before relaxing)

.debug_loc      0x0000000000000000    0x16264
 *(.debug_loc)
 .debug_loc     0x0000000000000000      0x2b1 obj/kern/init.o
 .debug_loc     0x00000000000002b1     0x1c48 obj/kern/console.o
 .debug_loc     0x0000000000001ef9      0x699 obj/kern/monitor.o
 .debug_loc     0x0000000000002592     0x500f obj/kern/pmap.o
 .debug_loc     0x00000000000075a1     0x171a obj/kern/env.o
 .debug_loc     0x0000000000008cbb      0x27f obj/kern/kclock.o
 .debug_loc     0x0000000000008f3a      0x2be obj/kern/printf.o
 .debug_loc     0x00000000000091f8      0x6d1 obj/kern/trap.o
 .debug_loc     0x00000000000098c9      0x8b0 obj/kern/syscall.o
 .debug_loc     0x000000000000a179      0x9e3 obj/kern/kdebug.o
 .debug_loc     0x000000000000ab5c      0xe98 obj/kern/printfmt.o
 .debug_loc     0x000000000000b9f4      0x23b obj/kern/readline.o
 .debug_loc     0x000000000000bc2f     0x19a9 obj/kern/string.o
 .debug_loc     0x000000000000d5d8     0x346f obj/kern/libdwarf_rw.o
 .debug_loc     0x0000000000010a47     0x2d67 obj/kern/libdwarf_frame.o
 .debug_loc     0x00000000000137ae     0x155b obj/kern/libdwarf_lineno.o
 .debug_loc     0x0000000000014d09     0x155b obj/kern/elf_rw.o

.comment        0x0000000000000000       0x2b
 .comment       0x0000000000000000       0x2b obj/kern/init.o
                                         0x2c (size before relaxing)
 .comment       0x0000000000000000       0x2c obj/kern/console.o
 .comment       0x0000000000000000       0x2c obj/kern/monitor.o
 .comment       0x0000000000000000       0x2c obj/kern/pmap.o
 .comment       0x0000000000000000       0x2c obj/kern/env.o
 .comment       0x0000000000000000       0x2c obj/kern/kclock.o
 .comment       0x0000000000000000       0x2c obj/kern/printf.o
 .comment       0x0000000000000000       0x2c obj/kern/trap.o
 .comment       0x0000000000000000       0x2c obj/kern/syscall.o
 .comment       0x0000000000000000       0x2c obj/kern/kdebug.o
 .comment       0x0000000000000000       0x2c obj/kern/printfmt.o
 .comment       0x0000000000000000       0x2c obj/kern/readline.o
 .comment       0x0000000000000000       0x2c obj/kern/string.o
 .comment       0x0000000000000000       0x2c obj/kern/libdwarf_rw.o
 .comment       0x0000000000000000       0x2c obj/kern/libdwarf_frame.o
 .comment       0x0000000000000000       0x2c obj/kern/libdwarf_lineno.o
 .comment       0x0000000000000000       0x2c obj/kern/elf_rw.o

.debug_macinfo
 *(.debug_macinfo)

.debug_weaknames
 *(.debug_weaknames)

.debug_funcnames
 *(.debug_funcnames)

.debug_typenames
 *(.debug_typenames)

.debug_varnames
 *(.debug_varnames)

/DISCARD/
 *(.note.GNU-stack)
LOAD obj/kern/entry.o
LOAD obj/kern/bootstrap.o
LOAD obj/kern/init.o
LOAD obj/kern/console.o
LOAD obj/kern/monitor.o
LOAD obj/kern/pmap.o
LOAD obj/kern/env.o
LOAD obj/kern/kclock.o
LOAD obj/kern/printf.o
LOAD obj/kern/trap.o
LOAD obj/kern/trapentry.o
LOAD obj/kern/syscall.o
LOAD obj/kern/kdebug.o
LOAD obj/kern/printfmt.o
LOAD obj/kern/readline.o
LOAD obj/kern/string.o
LOAD obj/kern/libdwarf_rw.o
LOAD obj/kern/libdwarf_frame.o
LOAD obj/kern/libdwarf_lineno.o
LOAD obj/kern/elf_rw.o
LOAD /usr/lib/gcc/i686-linux-gnu/4.8/libgcc.a
TARGET(binary)
LOAD obj/user/hello
LOAD obj/user/buggyhello
LOAD obj/user/buggyhello2
LOAD obj/user/evilhello
LOAD obj/user/testbss
LOAD obj/user/divzero
LOAD obj/user/breakpoint
LOAD obj/user/softint
LOAD obj/user/badsegment
LOAD obj/user/faultread
LOAD obj/user/faultreadkernel
LOAD obj/user/faultwrite
LOAD obj/user/faultwritekernel
OUTPUT(obj/kern/kernel elf64-x86-64)

.debug_ranges   0x0000000000000000       0x30
 .debug_ranges  0x0000000000000000       0x30 obj/kern/env.o
